/usr/local/lib/python3.11/dist-packages/torch/_subclasses/functional_tensor.py:368: UserWarning: Failed to initialize NumPy: No module named 'numpy' (Triggered internally at /__w/pytorch/pytorch/torch/csrc/utils/tensor_numpy.cpp:84.)
  cpu = _conversion_method_template(device=torch.device("cpu"))
P1codec 0 (4.5976, 4.3799, 25.0)
P1codec 200 (2.1399, 2.1399, 25.0)
P1codec 400 (1.9494, 1.9494, 25.0)
after_P1 {"text_bpb": 2.4001, "eval_s": 0.1}
P2 0 {'lm': 5.7244, 'rec': 1.3778, 'gmm_nats_per_dim': 1.268, 'pos_per_s': 25.0} 0
P2 100 {'lm': 0.722, 'rec': 1.3383, 'gmm_nats_per_dim': 0.2338, 'pos_per_s': 25.0} 13
P2 200 {'lm': 0.7336, 'rec': 1.3712, 'gmm_nats_per_dim': 0.361, 'pos_per_s': 25.0} 25
P2 300 {'lm': 0.6944, 'rec': 1.672, 'gmm_nats_per_dim': 0.3976, 'pos_per_s': 25.0} 38
P2 400 {'lm': 0.6405, 'rec': 1.5102, 'gmm_nats_per_dim': 0.2081, 'pos_per_s': 25.0} 50
P2 500 {'lm': 0.6202, 'rec': 1.5361, 'gmm_nats_per_dim': 0.2864, 'pos_per_s': 25.0} 63
P2 600 {'lm': 0.5899, 'rec': 1.4348, 'gmm_nats_per_dim': 0.2197, 'pos_per_s': 25.0} 75
P2 700 {'lm': 0.5793, 'rec': 1.3574, 'gmm_nats_per_dim': 0.1376, 'pos_per_s': 25.0} 87
after_P2 {"text_bpb": 2.1062, "A": {"recon": {"mel": 0.4514, "logmag_l1": 0.5807, "probe_on_recon": {"kind": 0.8333, "band": 0.9583, "timbre": 0.6111, "count": 0.7917, "exact": 0.4167, "n": 72}}, "bits": {"a2t_caption_bits_per_byte": 0.241, "t2a_stop_bits_per_pos": 0.0214, "t2a_dur_bits_per_pos": 0.0001, "t2a_gmm_nats_per_pos_DIFFERENTIAL": -0.659, "pos_per_s": 25.0, "tf_pred_mel": 0.7513, "tf_pred_probe_exact": 0.2778}, "understand": {"train": {"kind": 0.2344, "band": 0.7969, "timbre": 0.5, "count": 0.5312, "exact": 0.0938, "n": 64}, "heldout": {"kind": 0.375, "band": 0.875, "timbre": 0.5, "count": 0.5, "exact": 0.0, "n": 8}, "samples": ["a low pure rising chirp", "a low pure rising chirp", "a low pure rising chirp", "four high pure beeps", "four mid pure beeps", "a high pure rising chirp"]}, "gen_t1": {"train": {"kind": 0.375, "band": 0.3438, "timbre": 0.5, "count": 0.2344, "exact": 0.0312, "n": 64}, "heldout": {"kind": 0.375, "band": 0.25, "timbre": 0.25, "count": 0.625, "exact": 0.0, "n": 8}, "mean_positions_per_clip": 22.81, "mean_frames_50fps": 45.61}, "gen_t07": {"train": {"kind": 0.3125, "band": 0.3438, "timbre": 0.5156, "count": 0.1719, "exact": 0.0, "n": 64}, "heldout": {"kind": 0.25, "band": 0.375, "timbre": 0.5, "count": 0.25, "exact": 0.0, "n": 8}, "mean_positions_per_clip": 23.83, "mean_frames_50fps": 47.67}, "gen_t0": {"train": {"kind": 0.5312, "band": 0.3125, "timbre": 0.4375, "count": 0.25, "exact": 0.0625, "n": 64}, "heldout": {"kind": 0.25, "band": 0.5, "timbre": 0.5, "count": 0.0, "exact": 0.0, "n": 8}, "mean_positions_per_clip": 24.11, "mean_frames_50fps": 48.22}}, "eval_s": 14.5}
P3 0 {'lm': 1.3883, 'rec': 1.9201, 'gmm_nats_per_dim': 0.6434, 'pos_per_s': 25.0} 0
P3 100 {'lm': 0.661, 'rec': 1.4319, 'gmm_nats_per_dim': 0.1825, 'pos_per_s': 25.0} 12
P3 200 {'lm': 0.6247, 'rec': 1.1531, 'gmm_nats_per_dim': -0.0189, 'pos_per_s': 25.0} 24
P3 300 {'lm': 0.6705, 'rec': 1.3914, 'gmm_nats_per_dim': -0.061, 'pos_per_s': 25.0} 37
P3 400 {'lm': 0.5651, 'rec': 1.2906, 'gmm_nats_per_dim': -0.2815, 'pos_per_s': 25.0} 49
P3 500 {'lm': 0.5996, 'rec': 1.0701, 'gmm_nats_per_dim': -0.2975, 'pos_per_s': 25.0} 62
P3 600 {'lm': 0.5595, 'rec': 1.0981, 'gmm_nats_per_dim': -0.4013, 'pos_per_s': 25.0} 75
P3 700 {'lm': 0.5663, 'rec': 0.9876, 'gmm_nats_per_dim': -0.5244, 'pos_per_s': 25.0} 87
after_P3 {"text_bpb": 2.0084, "A": {"recon": {"mel": 0.3972, "logmag_l1": 0.5831, "probe_on_recon": {"kind": 0.7639, "band": 0.9583, "timbre": 0.5694, "count": 0.75, "exact": 0.4028, "n": 72}}, "bits": {"a2t_caption_bits_per_byte": 0.2417, "t2a_stop_bits_per_pos": 0.0153, "t2a_dur_bits_per_pos": 0.0, "t2a_gmm_nats_per_pos_DIFFERENTIAL": -3.3962, "pos_per_s": 25.0, "tf_pred_mel": 0.7926, "tf_pred_probe_exact": 0.2778}, "understand": {"train": {"kind": 0.1562, "band": 0.6406, "timbre": 0.5, "count": 0.5, "exact": 0.0625, "n": 64}, "heldout": {"kind": 0.375, "band": 0.375, "timbre": 0.625, "count": 0.5, "exact": 0.0, "n": 8}, "samples": ["a low pure rising chirp", "a low pure rising chirp", "a low pure rising chirp", "four mid buzzy beeps", "pure melody aaad", "a high pure rising chirp"]}, "gen_t1": {"train": {"kind": 0.4062, "band": 0.3438, "timbre": 0.5156, "count": 0.2969, "exact": 0.0, "n": 64}, "heldout": {"kind": 0.5, "band": 0.125, "timbre": 0.5, "count": 0.125, "exact": 0.0, "n": 8}, "mean_positions_per_clip": 24.36, "mean_frames_50fps": 48.72}, "gen_t07": {"train": {"kind": 0.3906, "band": 0.4375, "timbre": 0.5469, "count": 0.2344, "exact": 0.0, "n": 64}, "heldout": {"kind": 0.125, "band": 0.25, "timbre": 0.375, "count": 0.0, "exact": 0.0, "n": 8}, "mean_positions_per_clip": 25.49, "mean_frames_50fps": 50.97}, "gen_t0": {"train": {"kind": 0.5312, "band": 0.3125, "timbre": 0.5, "count": 0.5, "exact": 0.0312, "n": 64}, "heldout": {"kind": 0.5, "band": 0.25, "timbre": 0.5, "count": 0.75, "exact": 0.0, "n": 8}, "mean_positions_per_clip": 28.33, "mean_frames_50fps": 56.67}}, "B": {"recon": {"mel": 0.2341, "logmag_l1": 0.4393, "probe_on_recon": {"timbre": 1.0, "note": 1.0, "exact": 1.0, "n": 64}}, "bits": {"a2t_caption_bits_per_byte": 0.5969, "t2a_stop_bits_per_pos": 0.0026, "t2a_dur_bits_per_pos": 0.0, "t2a_gmm_nats_per_pos_DIFFERENTIAL": -5.3824, "pos_per_s": 25.0, "tf_pred_mel": 0.4425, "tf_pred_probe_exact": 0.9844}, "understand": {"train": {"timbre": 1.0, "note": 0.1836, "exact": 0.0, "n": 64}, "samples": ["buzzy melody accc", "buzzy melody accc", "buzzy melody accc", "buzzy melody aaad", "buzzy melody accc", "pure melody aaad"]}, "gen_t1": {"train": {"timbre": 0.5, "note": 0.1615, "exact": 0.0, "n": 48}, "mean_positions_per_clip": 24.58, "mean_frames_50fps": 49.17}, "gen_t07": {"train": {"timbre": 0.5417, "note": 0.1771, "exact": 0.0, "n": 48}, "mean_positions_per_clip": 25.27, "mean_frames_50fps": 50.54}, "gen_t0": {"train": {"timbre": 0.3958, "note": 0.2031, "exact": 0.0, "n": 48}, "mean_positions_per_clip": 27.27, "mean_frames_50fps": 54.54}}, "eval_s": 26.5}
DONE res/d2_fixed_s0.json {'p1_text_s_per_step': 0.0829, 'p1_codec_s_per_step': 0.0805, 'p1_codec_steps': 500, 'p1_codec_s': 40.3, 'p2_s_per_step': 0.1242, 'p3_s_per_step': 0.1239, 'total_s': 315.8}
