/usr/local/lib/python3.11/dist-packages/torch/_subclasses/functional_tensor.py:368: UserWarning: Failed to initialize NumPy: No module named 'numpy' (Triggered internally at /__w/pytorch/pytorch/torch/csrc/utils/tensor_numpy.cpp:84.)
  cpu = _conversion_method_template(device=torch.device("cpu"))
P1codec 0 (4.7906, 4.3799, 4.0)
P1codec 200 (2.3523, 2.2492, 20.69)
P1codec 400 (2.0886, 1.9901, 29.25)
after_P1 {"text_bpb": 2.4001, "eval_s": 0.1}
P2 0 {'lm': 5.9041, 'rec': 1.4369, 'gmm_nats_per_dim': 1.2275, 'pos_per_s': 14.5} 0
P2 100 {'lm': 2.0061, 'rec': 1.432, 'gmm_nats_per_dim': 0.2744, 'pos_per_s': 22.92} 13
P2 200 {'lm': 1.8261, 'rec': 1.4445, 'gmm_nats_per_dim': 0.2471, 'pos_per_s': 21.58} 25
P2 300 {'lm': 1.7843, 'rec': 1.9191, 'gmm_nats_per_dim': 0.4485, 'pos_per_s': 24.83} 38
P2 400 {'lm': 1.187, 'rec': 1.4789, 'gmm_nats_per_dim': -0.0468, 'pos_per_s': 28.08} 51
P2 500 {'lm': 1.4619, 'rec': 1.7613, 'gmm_nats_per_dim': -0.2148, 'pos_per_s': 20.92} 63
P2 600 {'lm': 1.4953, 'rec': 1.6821, 'gmm_nats_per_dim': -0.08, 'pos_per_s': 22.42} 76
P2 700 {'lm': 1.6309, 'rec': 1.5333, 'gmm_nats_per_dim': 0.1543, 'pos_per_s': 23.08} 89
after_P2 {"text_bpb": 2.1289, "A": {"recon": {"mel": 0.4349, "logmag_l1": 0.6115, "probe_on_recon": {"kind": 0.6667, "band": 0.9583, "timbre": 0.5278, "count": 0.75, "exact": 0.3333, "n": 72}}, "bits": {"a2t_caption_bits_per_byte": 0.2488, "t2a_stop_bits_per_pos": 0.0626, "t2a_dur_bits_per_pos": 1.0514, "t2a_gmm_nats_per_pos_DIFFERENTIAL": -1.9118, "pos_per_s": 24.472, "tf_pred_mel": 0.9039, "tf_pred_probe_exact": 0.0833}, "understand": {"train": {"kind": 0.2812, "band": 0.6094, "timbre": 0.5, "count": 0.5312, "exact": 0.0312, "n": 64}, "heldout": {"kind": 0.375, "band": 0.5, "timbre": 0.375, "count": 0.625, "exact": 0.0, "n": 8}, "samples": ["a low pure tone", "a low pure tone", "a low pure tone", "a high pure rising chirp", "three mid pure beeps", "a high pure rising chirp"]}, "gen_t1": {"train": {"kind": 0.3281, "band": 0.375, "timbre": 0.5156, "count": 0.2812, "exact": 0.0469, "n": 64}, "heldout": {"kind": 0.5, "band": 0.375, "timbre": 0.5, "count": 0.375, "exact": 0.125, "n": 8}, "mean_positions_per_clip": 28.93, "mean_frames_50fps": 55.65}, "gen_t07": {"train": {"kind": 0.3906, "band": 0.375, "timbre": 0.4688, "count": 0.3438, "exact": 0.0156, "n": 64}, "heldout": {"kind": 0.125, "band": 0.25, "timbre": 0.5, "count": 0.125, "exact": 0.0, "n": 8}, "mean_positions_per_clip": 38.61, "mean_frames_50fps": 59.17}, "gen_t0": {"train": {"kind": 0.1875, "band": 0.3438, "timbre": 0.5, "count": 0.5, "exact": 0.0312, "n": 64}, "heldout": {"kind": 0.0, "band": 0.25, "timbre": 0.5, "count": 0.5, "exact": 0.0, "n": 8}, "mean_positions_per_clip": 100.0, "mean_frames_50fps": 100.0}}, "eval_s": 19.0}
P3 0 {'lm': 2.8518, 'rec': 2.1857, 'gmm_nats_per_dim': 0.4773, 'pos_per_s': 19.33} 0
P3 100 {'lm': 1.6312, 'rec': 1.6232, 'gmm_nats_per_dim': 0.3798, 'pos_per_s': 20.25} 13
P3 200 {'lm': 1.1844, 'rec': 1.2181, 'gmm_nats_per_dim': 0.0154, 'pos_per_s': 29.42} 25
P3 300 {'lm': 1.3, 'rec': 1.4697, 'gmm_nats_per_dim': 0.0707, 'pos_per_s': 24.0} 38
P3 400 {'lm': 1.2272, 'rec': 1.4032, 'gmm_nats_per_dim': -0.0701, 'pos_per_s': 26.67} 51
P3 500 {'lm': 1.1268, 'rec': 1.0594, 'gmm_nats_per_dim': -0.0868, 'pos_per_s': 24.75} 64
P3 600 {'lm': 1.1211, 'rec': 1.1513, 'gmm_nats_per_dim': -0.1974, 'pos_per_s': 25.0} 77
P3 700 {'lm': 1.1539, 'rec': 1.0443, 'gmm_nats_per_dim': -0.2105, 'pos_per_s': 23.83} 90
after_P3 {"text_bpb": 2.033, "A": {"recon": {"mel": 0.4281, "logmag_l1": 0.6167, "probe_on_recon": {"kind": 0.7639, "band": 0.9722, "timbre": 0.5139, "count": 0.7778, "exact": 0.3333, "n": 72}}, "bits": {"a2t_caption_bits_per_byte": 0.2403, "t2a_stop_bits_per_pos": 0.0351, "t2a_dur_bits_per_pos": 0.9226, "t2a_gmm_nats_per_pos_DIFFERENTIAL": -0.444, "pos_per_s": 30.375, "tf_pred_mel": 0.736, "tf_pred_probe_exact": 0.1389}, "understand": {"train": {"kind": 0.3594, "band": 0.5781, "timbre": 0.5, "count": 0.5469, "exact": 0.0781, "n": 64}, "heldout": {"kind": 0.75, "band": 0.25, "timbre": 0.5, "count": 0.625, "exact": 0.0, "n": 8}, "samples": ["a low pure rising chirp", "a low pure rising chirp", "a low pure rising chirp", "three mid pure beeps", "a mid pure rising chirp", "a mid pure rising chirp"]}, "gen_t1": {"train": {"kind": 0.3594, "band": 0.4219, "timbre": 0.4844, "count": 0.2344, "exact": 0.0156, "n": 64}, "heldout": {"kind": 0.125, "band": 0.5, "timbre": 0.375, "count": 0.25, "exact": 0.0, "n": 8}, "mean_positions_per_clip": 26.21, "mean_frames_50fps": 42.12}, "gen_t07": {"train": {"kind": 0.3125, "band": 0.3438, "timbre": 0.5781, "count": 0.2188, "exact": 0.0469, "n": 64}, "heldout": {"kind": 0.375, "band": 0.375, "timbre": 0.625, "count": 0.25, "exact": 0.0, "n": 8}, "mean_positions_per_clip": 41.93, "mean_frames_50fps": 52.93}, "gen_t0": {"train": {"kind": 0.1875, "band": 0.3438, "timbre": 0.5, "count": 0.5, "exact": 0.0312, "n": 64}, "heldout": {"kind": 0.0, "band": 0.25, "timbre": 0.5, "count": 0.5, "exact": 0.0, "n": 8}, "mean_positions_per_clip": 98.67, "mean_frames_50fps": 100.0}}, "B": {"recon": {"mel": 0.2425, "logmag_l1": 0.4518, "probe_on_recon": {"timbre": 1.0, "note": 1.0, "exact": 1.0, "n": 64}}, "bits": {"a2t_caption_bits_per_byte": 0.6042, "t2a_stop_bits_per_pos": 0.0118, "t2a_dur_bits_per_pos": 0.5716, "t2a_gmm_nats_per_pos_DIFFERENTIAL": -2.2232, "pos_per_s": 22.703, "tf_pred_mel": 0.5875, "tf_pred_probe_exact": 0.2656}, "understand": {"train": {"timbre": 1.0, "note": 0.1758, "exact": 0.0, "n": 64}, "samples": ["buzzy melody aaaa", "buzzy melody aaaa", "buzzy melody aaaa", "buzzy melody aaaa", "buzzy melody aaaa", "pure melody aaaa"]}, "gen_t1": {"train": {"timbre": 0.4792, "note": 0.2031, "exact": 0.0208, "n": 48}, "mean_positions_per_clip": 21.4, "mean_frames_50fps": 42.88}, "gen_t07": {"train": {"timbre": 0.5208, "note": 0.1927, "exact": 0.0, "n": 48}, "mean_positions_per_clip": 25.48, "mean_frames_50fps": 48.9}, "gen_t0": {"train": {"timbre": 0.5208, "note": 0.1198, "exact": 0.0, "n": 48}, "mean_positions_per_clip": 71.42, "mean_frames_50fps": 99.35}}, "eval_s": 45.3}
DONE res/d2_nolm_s0.json {'p1_text_s_per_step': 0.0601, 'p1_codec_s_per_step': 0.0787, 'p1_codec_steps': 500, 'p1_codec_s': 39.3, 'p2_s_per_step': 0.1266, 'p3_s_per_step': 0.1329, 'total_s': 338.4}
