/usr/local/lib/python3.11/dist-packages/torch/_subclasses/functional_tensor.py:368: UserWarning: Failed to initialize NumPy: No module named 'numpy' (Triggered internally at /__w/pytorch/pytorch/torch/csrc/utils/tensor_numpy.cpp:84.)
  cpu = _conversion_method_template(device=torch.device("cpu"))
P1codec 0 (4.757, 4.339, 4.0)
P1codec 200 (2.5316, 2.4256, 20.0)
P1codec 400 (2.1839, 2.0733, 16.19)
after_P1 {"text_bpb": 2.5081, "eval_s": 0.2}
P2 0 {'lm': 5.3995, 'rec': 1.7577, 'gmm_nats_per_dim': 1.3248, 'pos_per_s': 30.5} 0
P2 100 {'lm': 1.5841, 'rec': 1.6239, 'gmm_nats_per_dim': 0.2001, 'pos_per_s': 23.33} 16
P2 200 {'lm': 1.9066, 'rec': 1.8402, 'gmm_nats_per_dim': 0.5665, 'pos_per_s': 20.83} 32
P2 300 {'lm': 2.2504, 'rec': 1.7099, 'gmm_nats_per_dim': 0.4631, 'pos_per_s': 13.42} 47
P2 400 {'lm': 1.3966, 'rec': 1.5701, 'gmm_nats_per_dim': 0.1316, 'pos_per_s': 23.42} 65
P2 500 {'lm': 1.2184, 'rec': 1.4614, 'gmm_nats_per_dim': 0.0888, 'pos_per_s': 29.58} 80
P2 600 {'lm': 1.3477, 'rec': 1.4478, 'gmm_nats_per_dim': 0.2774, 'pos_per_s': 26.67} 95
P2 700 {'lm': 1.5425, 'rec': 1.7092, 'gmm_nats_per_dim': 0.4427, 'pos_per_s': 18.58} 112
after_P2 {"text_bpb": 2.1528, "A": {"recon": {"mel": 0.47, "logmag_l1": 0.6563, "probe_on_recon": {"kind": 0.625, "band": 0.9028, "timbre": 0.5417, "count": 0.6806, "exact": 0.3194, "n": 72}}, "bits": {"a2t_caption_bits_per_byte": 0.2378, "t2a_stop_bits_per_pos": 0.0338, "t2a_dur_bits_per_pos": 1.0423, "t2a_gmm_nats_per_pos_DIFFERENTIAL": 0.5441, "pos_per_s": 24.861, "tf_pred_mel": 0.7764, "tf_pred_probe_exact": 0.1111}, "understand": {"train": {"kind": 0.625, "band": 0.4219, "timbre": 0.4531, "count": 0.5625, "exact": 0.0781, "n": 64}, "heldout": {"kind": 0.75, "band": 0.375, "timbre": 0.375, "count": 0.625, "exact": 0.0, "n": 8}, "samples": ["a mid buzzy falling chirp", "three mid buzzy beeps", "a mid buzzy falling chirp", "three mid buzzy beeps", "three mid buzzy beeps", "three mid buzzy beeps"]}, "gen_t1": {"train": {"kind": 0.2969, "band": 0.3438, "timbre": 0.3906, "count": 0.3594, "exact": 0.0, "n": 64}, "heldout": {"kind": 0.25, "band": 0.5, "timbre": 0.5, "count": 0.25, "exact": 0.0, "n": 8}, "mean_positions_per_clip": 18.85, "mean_frames_50fps": 41.85}, "gen_t07": {"train": {"kind": 0.4531, "band": 0.3594, "timbre": 0.5625, "count": 0.3125, "exact": 0.0312, "n": 64}, "heldout": {"kind": 0.5, "band": 0.375, "timbre": 0.5, "count": 0.5, "exact": 0.0, "n": 8}, "mean_positions_per_clip": 41.24, "mean_frames_50fps": 59.97}, "gen_t0": {"train": {"kind": 0.2188, "band": 0.375, "timbre": 0.4688, "count": 0.4688, "exact": 0.0312, "n": 64}, "heldout": {"kind": 0.25, "band": 0.25, "timbre": 0.75, "count": 0.5, "exact": 0.0, "n": 8}, "mean_positions_per_clip": 88.75, "mean_frames_50fps": 100.0}}, "eval_s": 22.9}
P3 0 {'lm': 3.072, 'rec': 2.1681, 'gmm_nats_per_dim': 0.2861, 'pos_per_s': 12.83} 0
P3 100 {'lm': 1.4864, 'rec': 1.289, 'gmm_nats_per_dim': 0.3295, 'pos_per_s': 22.17} 17
P3 200 {'lm': 1.2914, 'rec': 1.4859, 'gmm_nats_per_dim': 0.356, 'pos_per_s': 23.58} 33
P3 300 {'lm': 1.408, 'rec': 1.1769, 'gmm_nats_per_dim': 0.2657, 'pos_per_s': 16.08} 50
P3 400 {'lm': 1.1917, 'rec': 1.4515, 'gmm_nats_per_dim': 0.1247, 'pos_per_s': 22.58} 77
P3 500 {'lm': 1.3942, 'rec': 1.1866, 'gmm_nats_per_dim': 0.0821, 'pos_per_s': 24.5} 103
P3 600 {'lm': 1.2084, 'rec': 1.0742, 'gmm_nats_per_dim': -0.0186, 'pos_per_s': 25.58} 126
P3 700 {'lm': 1.0401, 'rec': 0.945, 'gmm_nats_per_dim': -0.2345, 'pos_per_s': 27.58} 141
after_P3 {"text_bpb": 2.0265, "A": {"recon": {"mel": 0.4659, "logmag_l1": 0.6652, "probe_on_recon": {"kind": 0.7222, "band": 0.9444, "timbre": 0.4722, "count": 0.7639, "exact": 0.3472, "n": 72}}, "bits": {"a2t_caption_bits_per_byte": 0.2329, "t2a_stop_bits_per_pos": 0.0123, "t2a_dur_bits_per_pos": 1.0698, "t2a_gmm_nats_per_pos_DIFFERENTIAL": -0.1814, "pos_per_s": 25.111, "tf_pred_mel": 0.8297, "tf_pred_probe_exact": 0.2083}, "understand": {"train": {"kind": 0.5, "band": 0.4531, "timbre": 0.5625, "count": 0.5625, "exact": 0.0781, "n": 64}, "heldout": {"kind": 0.75, "band": 0.5, "timbre": 0.5, "count": 0.75, "exact": 0.0, "n": 8}, "samples": ["a low pure rising chirp", "a low pure rising chirp", "a low pure rising chirp", "three high pure beeps", "a low pure rising chirp", "three high pure beeps"]}, "gen_t1": {"train": {"kind": 0.25, "band": 0.3906, "timbre": 0.5, "count": 0.3438, "exact": 0.0, "n": 64}, "heldout": {"kind": 0.125, "band": 0.25, "timbre": 0.625, "count": 0.375, "exact": 0.0, "n": 8}, "mean_positions_per_clip": 18.75, "mean_frames_50fps": 36.68}, "gen_t07": {"train": {"kind": 0.375, "band": 0.4062, "timbre": 0.5625, "count": 0.3438, "exact": 0.0156, "n": 64}, "heldout": {"kind": 0.125, "band": 0.125, "timbre": 0.5, "count": 0.375, "exact": 0.0, "n": 8}, "mean_positions_per_clip": 36.19, "mean_frames_50fps": 49.44}, "gen_t0": {"train": {"kind": 0.1875, "band": 0.3438, "timbre": 0.4688, "count": 0.5, "exact": 0.0312, "n": 64}, "heldout": {"kind": 0.0, "band": 0.25, "timbre": 0.5, "count": 0.5, "exact": 0.0, "n": 8}, "mean_positions_per_clip": 100.0, "mean_frames_50fps": 100.0}}, "B": {"recon": {"mel": 0.2391, "logmag_l1": 0.4493, "probe_on_recon": {"timbre": 1.0, "note": 1.0, "exact": 1.0, "n": 64}}, "bits": {"a2t_caption_bits_per_byte": 0.6279, "t2a_stop_bits_per_pos": 0.0014, "t2a_dur_bits_per_pos": 0.3717, "t2a_gmm_nats_per_pos_DIFFERENTIAL": -1.2724, "pos_per_s": 20.797, "tf_pred_mel": 0.5885, "tf_pred_probe_exact": 0.125}, "understand": {"train": {"timbre": 1.0, "note": 0.1836, "exact": 0.0, "n": 64}, "samples": ["buzzy melody aaaa", "buzzy melody aaaa", "buzzy melody aaaa", "buzzy melody afae", "buzzy melody aaaa", "pure melody afae"]}, "gen_t1": {"train": {"timbre": 0.4792, "note": 0.1927, "exact": 0.0, "n": 48}, "mean_positions_per_clip": 20.69, "mean_frames_50fps": 42.06}, "gen_t07": {"train": {"timbre": 0.5833, "note": 0.2188, "exact": 0.0, "n": 48}, "mean_positions_per_clip": 27.0, "mean_frames_50fps": 49.79}, "gen_t0": {"train": {"timbre": 0.5417, "note": 0.3073, "exact": 0.0, "n": 48}, "mean_positions_per_clip": 48.71, "mean_frames_50fps": 85.29}}, "eval_s": 56.6}
DONE res/d2_s1.json {'p1_text_s_per_step': 0.0802, 'p1_codec_s_per_step': 0.1057, 'p1_codec_steps': 500, 'p1_codec_s': 52.9, 'p2_s_per_step': 0.1609, 'p3_s_per_step': 0.1982, 'total_s': 457.4}
