/usr/local/lib/python3.11/dist-packages/torch/_subclasses/functional_tensor.py:368: UserWarning: Failed to initialize NumPy: No module named 'numpy' (Triggered internally at /__w/pytorch/pytorch/torch/csrc/utils/tensor_numpy.cpp:84.)
  cpu = _conversion_method_template(device=torch.device("cpu"))
P1codec 0 (4.7906, 4.3799, 4.0)
P1codec 200 (2.3523, 2.2492, 20.69)
P1codec 400 (2.0886, 1.9901, 29.25)
after_P1 {"text_bpb": 2.4001, "eval_s": 0.2}
P2 0 {'lm': 5.9041, 'rec': 1.4369, 'gmm_nats_per_dim': 1.2275, 'pos_per_s': 14.5} 0
P2 100 {'lm': 2.0119, 'rec': 1.4959, 'gmm_nats_per_dim': 0.5369, 'pos_per_s': 23.33} 17
P2 200 {'lm': 2.4054, 'rec': 1.5633, 'gmm_nats_per_dim': 0.3473, 'pos_per_s': 16.0} 34
P2 300 {'lm': 1.5883, 'rec': 1.921, 'gmm_nats_per_dim': 0.4645, 'pos_per_s': 22.33} 51
P2 400 {'lm': 1.5209, 'rec': 1.4302, 'gmm_nats_per_dim': 0.1186, 'pos_per_s': 21.42} 69
P2 500 {'lm': 1.5061, 'rec': 1.8917, 'gmm_nats_per_dim': 0.2376, 'pos_per_s': 24.17} 85
P2 600 {'lm': 1.5095, 'rec': 1.6426, 'gmm_nats_per_dim': 0.3405, 'pos_per_s': 24.92} 104
P2 700 {'lm': 1.967, 'rec': 1.565, 'gmm_nats_per_dim': 0.2449, 'pos_per_s': 16.42} 122
after_P2 {"text_bpb": 2.1046, "A": {"recon": {"mel": 0.4453, "logmag_l1": 0.6432, "probe_on_recon": {"kind": 0.6806, "band": 0.9306, "timbre": 0.5556, "count": 0.7639, "exact": 0.375, "n": 72}}, "bits": {"a2t_caption_bits_per_byte": 0.2439, "t2a_stop_bits_per_pos": 0.0131, "t2a_dur_bits_per_pos": 0.977, "t2a_gmm_nats_per_pos_DIFFERENTIAL": 0.888, "pos_per_s": 25.806, "tf_pred_mel": 0.8819, "tf_pred_probe_exact": 0.125}, "understand": {"train": {"kind": 0.5781, "band": 0.3594, "timbre": 0.5312, "count": 0.6094, "exact": 0.0469, "n": 64}, "heldout": {"kind": 0.75, "band": 0.375, "timbre": 0.625, "count": 0.625, "exact": 0.0, "n": 8}, "samples": ["a mid buzzy rising chirp", "a mid pure rising chirp", "two mid pure beeps", "four high pure beeps", "three mid pure beeps", "two mid pure beeps"]}, "gen_t1": {"train": {"kind": 0.3281, "band": 0.3906, "timbre": 0.4375, "count": 0.2344, "exact": 0.0156, "n": 64}, "heldout": {"kind": 0.125, "band": 0.5, "timbre": 0.375, "count": 0.125, "exact": 0.0, "n": 8}, "mean_positions_per_clip": 22.06, "mean_frames_50fps": 50.85}, "gen_t07": {"train": {"kind": 0.375, "band": 0.375, "timbre": 0.4062, "count": 0.25, "exact": 0.0156, "n": 64}, "heldout": {"kind": 0.5, "band": 0.25, "timbre": 0.75, "count": 0.375, "exact": 0.0, "n": 8}, "mean_positions_per_clip": 39.06, "mean_frames_50fps": 61.83}, "gen_t0": {"train": {"kind": 0.1875, "band": 0.3125, "timbre": 0.5, "count": 0.5, "exact": 0.0312, "n": 64}, "heldout": {"kind": 0.0, "band": 0.5, "timbre": 0.5, "count": 0.5, "exact": 0.0, "n": 8}, "mean_positions_per_clip": 100.0, "mean_frames_50fps": 100.0}}, "eval_s": 25.5}
P3 0 {'lm': 2.9329, 'rec': 2.2958, 'gmm_nats_per_dim': 0.5115, 'pos_per_s': 16.08} 0
P3 100 {'lm': 1.4308, 'rec': 1.6107, 'gmm_nats_per_dim': 0.2718, 'pos_per_s': 28.08} 18
P3 200 {'lm': 1.3415, 'rec': 1.3007, 'gmm_nats_per_dim': 0.182, 'pos_per_s': 27.33} 39
P3 300 {'lm': 1.5182, 'rec': 1.566, 'gmm_nats_per_dim': 0.1302, 'pos_per_s': 21.33} 65
P3 400 {'lm': 1.5297, 'rec': 1.4651, 'gmm_nats_per_dim': -0.0007, 'pos_per_s': 23.17} 92
P3 500 {'lm': 1.183, 'rec': 1.2049, 'gmm_nats_per_dim': 0.0746, 'pos_per_s': 23.75} 113
P3 600 {'lm': 1.2879, 'rec': 1.2107, 'gmm_nats_per_dim': -0.0447, 'pos_per_s': 24.75} 130
P3 700 {'lm': 1.1509, 'rec': 1.0955, 'gmm_nats_per_dim': -0.1101, 'pos_per_s': 26.25} 150
after_P3 {"text_bpb": 2.0218, "A": {"recon": {"mel": 0.4362, "logmag_l1": 0.6386, "probe_on_recon": {"kind": 0.7083, "band": 0.9444, "timbre": 0.4444, "count": 0.75, "exact": 0.2917, "n": 72}}, "bits": {"a2t_caption_bits_per_byte": 0.2501, "t2a_stop_bits_per_pos": 0.011, "t2a_dur_bits_per_pos": 1.0808, "t2a_gmm_nats_per_pos_DIFFERENTIAL": -0.7154, "pos_per_s": 28.806, "tf_pred_mel": 0.7444, "tf_pred_probe_exact": 0.1806}, "understand": {"train": {"kind": 0.3125, "band": 0.5781, "timbre": 0.5625, "count": 0.5625, "exact": 0.0781, "n": 64}, "heldout": {"kind": 0.375, "band": 0.75, "timbre": 0.5, "count": 0.625, "exact": 0.0, "n": 8}, "samples": ["a low pure rising chirp", "a low pure rising chirp", "a low pure rising chirp", "a low pure rising chirp", "pure melody aaad", "two mid pure beeps"]}, "gen_t1": {"train": {"kind": 0.3594, "band": 0.3438, "timbre": 0.5625, "count": 0.2656, "exact": 0.0, "n": 64}, "heldout": {"kind": 0.5, "band": 0.125, "timbre": 0.75, "count": 0.625, "exact": 0.0, "n": 8}, "mean_positions_per_clip": 22.86, "mean_frames_50fps": 42.26}, "gen_t07": {"train": {"kind": 0.2656, "band": 0.4062, "timbre": 0.4688, "count": 0.25, "exact": 0.0156, "n": 64}, "heldout": {"kind": 0.25, "band": 0.25, "timbre": 0.625, "count": 0.25, "exact": 0.0, "n": 8}, "mean_positions_per_clip": 39.06, "mean_frames_50fps": 56.64}, "gen_t0": {"train": {"kind": 0.125, "band": 0.4375, "timbre": 0.5, "count": 0.2188, "exact": 0.0625, "n": 64}, "heldout": {"kind": 0.0, "band": 0.0, "timbre": 0.5, "count": 0.25, "exact": 0.0, "n": 8}, "mean_positions_per_clip": 95.0, "mean_frames_50fps": 100.0}}, "B": {"recon": {"mel": 0.2519, "logmag_l1": 0.4749, "probe_on_recon": {"timbre": 1.0, "note": 1.0, "exact": 1.0, "n": 64}}, "bits": {"a2t_caption_bits_per_byte": 0.6104, "t2a_stop_bits_per_pos": 0.0064, "t2a_dur_bits_per_pos": 0.6689, "t2a_gmm_nats_per_pos_DIFFERENTIAL": -2.8324, "pos_per_s": 23.703, "tf_pred_mel": 0.5825, "tf_pred_probe_exact": 0.3438}, "understand": {"train": {"timbre": 1.0, "note": 0.1797, "exact": 0.0, "n": 64}, "samples": ["buzzy melody aaad", "buzzy melody aaad", "buzzy melody aaad", "buzzy melody aaad", "buzzy melody aaad", "pure melody aaad"]}, "gen_t1": {"train": {"timbre": 0.4375, "note": 0.1615, "exact": 0.0, "n": 48}, "mean_positions_per_clip": 19.71, "mean_frames_50fps": 45.31}, "gen_t07": {"train": {"timbre": 0.5208, "note": 0.2604, "exact": 0.0, "n": 48}, "mean_positions_per_clip": 26.31, "mean_frames_50fps": 52.54}, "gen_t0": {"train": {"timbre": 0.5417, "note": 0.2292, "exact": 0.0, "n": 48}, "mean_positions_per_clip": 41.6, "mean_frames_50fps": 96.19}}, "eval_s": 44.9}
DONE res/d2_s0.json {'p1_text_s_per_step': 0.0856, 'p1_codec_s_per_step': 0.1146, 'p1_codec_steps': 500, 'p1_codec_s': 57.3, 'p2_s_per_step': 0.1731, 'p3_s_per_step': 0.2191, 'total_s': 478.6}
