/usr/local/lib/python3.11/dist-packages/torch/_subclasses/functional_tensor.py:368: UserWarning: Failed to initialize NumPy: No module named 'numpy' (Triggered internally at /__w/pytorch/pytorch/torch/csrc/utils/tensor_numpy.cpp:84.)
  cpu = _conversion_method_template(device=torch.device("cpu"))
P1codec 0 (4.7906, 4.3799, 4.0)
P1codec 200 (2.3523, 2.2492, 20.69)
P1codec 400 (2.0886, 1.9901, 29.25)
after_P1 {"text_bpb": 2.4001, "eval_s": 0.1}
P2 0 {'lm': 5.9041, 'rec': 1.4369, 'gmm_nats_per_dim': 1.2275, 'pos_per_s': 14.5} 0
P2 100 {'lm': 2.0537, 'rec': 1.6224, 'gmm_nats_per_dim': 0.1912, 'pos_per_s': 20.33} 13
P2 200 {'lm': 1.7807, 'rec': 1.3748, 'gmm_nats_per_dim': 0.2495, 'pos_per_s': 24.0} 25
P2 300 {'lm': 1.3927, 'rec': 1.9287, 'gmm_nats_per_dim': 0.5349, 'pos_per_s': 31.5} 38
P2 400 {'lm': 1.4981, 'rec': 1.443, 'gmm_nats_per_dim': 0.0439, 'pos_per_s': 20.58} 51
P2 500 {'lm': 1.2744, 'rec': 1.7222, 'gmm_nats_per_dim': -0.1673, 'pos_per_s': 24.92} 64
P2 600 {'lm': 1.2514, 'rec': 1.6907, 'gmm_nats_per_dim': -0.2766, 'pos_per_s': 24.58} 76
P2 700 {'lm': 1.6522, 'rec': 1.5161, 'gmm_nats_per_dim': -0.034, 'pos_per_s': 18.67} 89
after_P2 {"text_bpb": 2.1298, "A": {"recon": {"mel": 0.524, "logmag_l1": 0.6209, "probe_on_recon": {"kind": 0.6667, "band": 0.8889, "timbre": 0.5, "count": 0.7083, "exact": 0.2917, "n": 72}}, "bits": {"a2t_caption_bits_per_byte": 0.2605, "t2a_stop_bits_per_pos": 0.0238, "t2a_dur_bits_per_pos": 0.9338, "t2a_gmm_nats_per_pos_DIFFERENTIAL": -4.4201, "pos_per_s": 28.972, "tf_pred_mel": 0.8073, "tf_pred_probe_exact": 0.2222}, "understand": {"train": {"kind": 0.2812, "band": 0.3438, "timbre": 0.5, "count": 0.5312, "exact": 0.0469, "n": 64}, "heldout": {"kind": 0.125, "band": 0.375, "timbre": 0.5, "count": 0.5, "exact": 0.0, "n": 8}, "samples": ["a mid pure tone", "a mid pure tone", "a mid pure tone", "a mid pure tone", "three mid pure beeps", "a mid pure tone"]}, "gen_t1": {"train": {"kind": 0.4375, "band": 0.3906, "timbre": 0.4531, "count": 0.2344, "exact": 0.0312, "n": 64}, "heldout": {"kind": 0.25, "band": 0.375, "timbre": 0.5, "count": 0.25, "exact": 0.0, "n": 8}, "mean_positions_per_clip": 43.83, "mean_frames_50fps": 75.92}, "gen_t07": {"train": {"kind": 0.5312, "band": 0.3906, "timbre": 0.4688, "count": 0.2656, "exact": 0.0156, "n": 64}, "heldout": {"kind": 0.25, "band": 0.125, "timbre": 0.75, "count": 0.0, "exact": 0.0, "n": 8}, "mean_positions_per_clip": 71.11, "mean_frames_50fps": 95.69}, "gen_t0": {"train": {"kind": 0.1875, "band": 0.3125, "timbre": 0.5, "count": 0.5, "exact": 0.0312, "n": 64}, "heldout": {"kind": 0.0, "band": 0.5, "timbre": 0.5, "count": 0.5, "exact": 0.0, "n": 8}, "mean_positions_per_clip": 98.0, "mean_frames_50fps": 100.0}}, "eval_s": 21.4}
P3 0 {'lm': 2.8286, 'rec': 2.1973, 'gmm_nats_per_dim': 0.2103, 'pos_per_s': 17.08} 0
P3 100 {'lm': 1.4073, 'rec': 1.5809, 'gmm_nats_per_dim': 0.0383, 'pos_per_s': 27.17} 13
P3 200 {'lm': 1.3209, 'rec': 1.3077, 'gmm_nats_per_dim': -0.1135, 'pos_per_s': 24.67} 26
P3 300 {'lm': 1.5135, 'rec': 1.7376, 'gmm_nats_per_dim': 0.0766, 'pos_per_s': 20.92} 39
P3 400 {'lm': 1.443, 'rec': 1.53, 'gmm_nats_per_dim': -0.1229, 'pos_per_s': 22.67} 52
P3 500 {'lm': 1.0512, 'rec': 1.1861, 'gmm_nats_per_dim': -0.2267, 'pos_per_s': 30.25} 65
P3 600 {'lm': 1.0022, 'rec': 1.2246, 'gmm_nats_per_dim': -0.3961, 'pos_per_s': 29.58} 78
P3 700 {'lm': 1.1102, 'rec': 1.1398, 'gmm_nats_per_dim': -0.352, 'pos_per_s': 28.67} 90
after_P3 {"text_bpb": 2.0255, "A": {"recon": {"mel": 0.4275, "logmag_l1": 0.6194, "probe_on_recon": {"kind": 0.7361, "band": 0.9167, "timbre": 0.4444, "count": 0.75, "exact": 0.3472, "n": 72}}, "bits": {"a2t_caption_bits_per_byte": 0.2568, "t2a_stop_bits_per_pos": 0.0116, "t2a_dur_bits_per_pos": 1.0165, "t2a_gmm_nats_per_pos_DIFFERENTIAL": -2.768, "pos_per_s": 28.375, "tf_pred_mel": 0.7513, "tf_pred_probe_exact": 0.2361}, "understand": {"train": {"kind": 0.3594, "band": 0.3281, "timbre": 0.5, "count": 0.5781, "exact": 0.0156, "n": 64}, "heldout": {"kind": 0.625, "band": 0.25, "timbre": 0.5, "count": 0.625, "exact": 0.0, "n": 8}, "samples": ["a mid pure rising chirp", "a mid pure rising chirp", "a mid pure rising chirp", "three mid pure beeps", "a mid pure rising chirp", "two mid pure beeps"]}, "gen_t1": {"train": {"kind": 0.3906, "band": 0.3281, "timbre": 0.5156, "count": 0.3594, "exact": 0.0156, "n": 64}, "heldout": {"kind": 0.125, "band": 0.25, "timbre": 0.75, "count": 0.125, "exact": 0.0, "n": 8}, "mean_positions_per_clip": 28.81, "mean_frames_50fps": 51.47}, "gen_t07": {"train": {"kind": 0.4219, "band": 0.3594, "timbre": 0.4219, "count": 0.3594, "exact": 0.0312, "n": 64}, "heldout": {"kind": 0.125, "band": 0.25, "timbre": 1.0, "count": 0.125, "exact": 0.0, "n": 8}, "mean_positions_per_clip": 61.03, "mean_frames_50fps": 79.58}, "gen_t0": {"train": {"kind": 0.1875, "band": 0.3438, "timbre": 0.5, "count": 0.5, "exact": 0.0312, "n": 64}, "heldout": {"kind": 0.0, "band": 0.25, "timbre": 0.5, "count": 0.5, "exact": 0.0, "n": 8}, "mean_positions_per_clip": 98.0, "mean_frames_50fps": 100.0}}, "B": {"recon": {"mel": 0.2604, "logmag_l1": 0.4729, "probe_on_recon": {"timbre": 0.9844, "note": 0.9883, "exact": 0.9375, "n": 64}}, "bits": {"a2t_caption_bits_per_byte": 0.6233, "t2a_stop_bits_per_pos": 0.0078, "t2a_dur_bits_per_pos": 0.4577, "t2a_gmm_nats_per_pos_DIFFERENTIAL": -5.5404, "pos_per_s": 28.531, "tf_pred_mel": 0.5618, "tf_pred_probe_exact": 0.2656}, "understand": {"train": {"timbre": 0.9844, "note": 0.1758, "exact": 0.0, "n": 64}, "samples": ["buzzy melody aaaa", "buzzy melody aaaa", "buzzy melody aaaa", "buzzy melody aaaa", "buzzy melody aaaa", "pure melody aaaa"]}, "gen_t1": {"train": {"timbre": 0.5, "note": 0.1771, "exact": 0.0, "n": 48}, "mean_positions_per_clip": 33.88, "mean_frames_50fps": 50.67}, "gen_t07": {"train": {"timbre": 0.4167, "note": 0.1771, "exact": 0.0, "n": 48}, "mean_positions_per_clip": 51.9, "mean_frames_50fps": 70.4}, "gen_t0": {"train": {"timbre": 0.5208, "note": 0.2135, "exact": 0.0, "n": 48}, "mean_positions_per_clip": 93.52, "mean_frames_50fps": 100.0}}, "eval_s": 32.2}
DONE res/d2_tgtgrad_s0.json {'p1_text_s_per_step': 0.0818, 'p1_codec_s_per_step': 0.0911, 'p1_codec_steps': 500, 'p1_codec_s': 45.6, 'p2_s_per_step': 0.1262, 'p3_s_per_step': 0.1287, 'total_s': 338.6}
