/usr/local/lib/python3.11/dist-packages/torch/_subclasses/functional_tensor.py:368: UserWarning: Failed to initialize NumPy: No module named 'numpy' (Triggered internally at /__w/pytorch/pytorch/torch/csrc/utils/tensor_numpy.cpp:84.)
  cpu = _conversion_method_template(device=torch.device("cpu"))
mask after P1 {'text_bpb': 8.066}
('P2', 0, 9.409) 0
('P2', 250, 2.674) 22
('P2', 500, 2.497) 43
('P2', 750, 1.902) 64
('P2', 1000, 1.948) 86
('P2', 1250, 1.82) 108
('P2', 1500, 1.807) 129
('P2', 1750, 1.645) 152
('P2', 2000, 1.276) 173
('P2', 2250, 1.474) 193
('P2', 2500, 1.072) 213
('P2', 2750, 1.43) 232
('P2', 3000, 1.349) 253
('P2', 3250, 1.222) 275
('P2', 3500, 1.224) 296
('P2', 3750, 0.995) 318
('P2', 4000, 1.018) 339
('P2', 4250, 1.148) 358
('P2', 4500, 1.202) 379
('P2', 4750, 0.952) 402
('P2', 5000, 0.903) 423
('P2', 5250, 0.845) 446
('P2', 5500, 1.002) 469
('P2', 5750, 0.806) 490
('P2', 6000, 0.842) 510
('P2', 6250, 0.973) 532
('P2', 6500, 1.004) 553
('P2', 6750, 0.752) 573
('P2', 7000, 0.852) 593
('P2', 7250, 0.716) 614
('P2', 7500, 0.914) 636
('P2', 7750, 0.779) 658
('P2', 8000, 0.795) 679
('P2', 8250, 0.804) 702
('P2', 8500, 0.657) 726
('P2', 8750, 0.787) 748
{
 "arm": "mask",
 "p1": 0,
 "p2": 9000,
 "V": 1264,
 "L": 96,
 "W": 128,
 "params": 522992,
 "p1_s_per_step": 0.0,
 "after_p1": {
  "text_bpb": 8.066
 },
 "p2_s_per_step": 0.0857,
 "p2_s_per_window": 0.00535,
 "after_p2": {
  "text_bpb": 19.4267,
  "text_bpb_evaluated_with_mask": 19.4267,
  "bits_per_code_t2a": 4.5141,
  "bits_per_code_a2t": 4.6873,
  "caption_bits_per_byte_a2t": 0.1058
 },
 "understand_a2t": {
  "train_combos": {
   "kind": 0.586,
   "band": 0.891,
   "timbre": 0.773,
   "count": 0.578,
   "exact": 0.312,
   "n": 128
  },
  "heldout_combos": {
   "kind": 0.562,
   "band": 0.875,
   "timbre": 0.625,
   "count": 0.438,
   "exact": 0.0,
   "n": 16
  }
 },
 "generate_t2a_temp1": {
  "train_combos": {
   "kind": 0.375,
   "band": 0.562,
   "timbre": 0.51,
   "count": 0.406,
   "exact": 0.052,
   "n": 96
  },
  "heldout_combos": {
   "kind": 0.167,
   "band": 0.333,
   "timbre": 0.75,
   "count": 0.25,
   "exact": 0.083,
   "n": 12
  },
  "invalid_id_rate": 0.0776,
  "distinct_codes": 529
 },
 "generate_t2a_temp0.7": {
  "train_combos": {
   "kind": 0.292,
   "band": 0.49,
   "timbre": 0.49,
   "count": 0.375,
   "exact": 0.062,
   "n": 96
  },
  "heldout_combos": {
   "kind": 0.25,
   "band": 0.583,
   "timbre": 0.583,
   "count": 0.5,
   "exact": 0.0,
   "n": 12
  },
  "invalid_id_rate": 0.0315,
  "distinct_codes": 472
 },
 "generate_s": 7.4,
 "curve": [
  [
   "P2",
   0,
   9.409
  ],
  [
   "P2",
   250,
   2.674
  ],
  [
   "P2",
   500,
   2.497
  ],
  [
   "P2",
   750,
   1.902
  ],
  [
   "P2",
   1000,
   1.948
  ],
  [
   "P2",
   1250,
   1.82
  ],
  [
   "P2",
   1500,
   1.807
  ],
  [
   "P2",
   1750,
   1.645
  ],
  [
   "P2",
   2000,
   1.276
  ],
  [
   "P2",
   2250,
   1.474
  ],
  [
   "P2",
   2500,
   1.072
  ],
  [
   "P2",
   2750,
   1.43
  ],
  [
   "P2",
   3000,
   1.349
  ],
  [
   "P2",
   3250,
   1.222
  ],
  [
   "P2",
   3500,
   1.224
  ],
  [
   "P2",
   3750,
   0.995
  ],
  [
   "P2",
   4000,
   1.018
  ],
  [
   "P2",
   4250,
   1.148
  ],
  [
   "P2",
   4500,
   1.202
  ],
  [
   "P2",
   4750,
   0.952
  ],
  [
   "P2",
   5000,
   0.903
  ],
  [
   "P2",
   5250,
   0.845
  ],
  [
   "P2",
   5500,
   1.002
  ],
  [
   "P2",
   5750,
   0.806
  ],
  [
   "P2",
   6000,
   0.842
  ],
  [
   "P2",
   6250,
   0.973
  ],
  [
   "P2",
   6500,
   1.004
  ],
  [
   "P2",
   6750,
   0.752
  ],
  [
   "P2",
   7000,
   0.852
  ],
  [
   "P2",
   7250,
   0.716
  ],
  [
   "P2",
   7500,
   0.914
  ],
  [
   "P2",
   7750,
   0.779
  ],
  [
   "P2",
   8000,
   0.795
  ],
  [
   "P2",
   8250,
   0.804
  ],
  [
   "P2",
   8500,
   0.657
  ],
  [
   "P2",
   8750,
   0.787
  ]
 ],
 "forgetting_text_bpb": 11.3607
}
