/usr/local/lib/python3.11/dist-packages/torch/_subclasses/functional_tensor.py:368: UserWarning: Failed to initialize NumPy: No module named 'numpy' (Triggered internally at /__w/pytorch/pytorch/torch/csrc/utils/tensor_numpy.cpp:84.)
  cpu = _conversion_method_template(device=torch.device("cpu"))
mask after P1 {'text_bpb': 8.066}
('P2', 0, 9.421) 0
('P2', 250, 2.995) 23
('P2', 500, 2.587) 44
('P2', 750, 2.215) 65
('P2', 1000, 2.44) 87
('P2', 1250, 1.772) 110
('P2', 1500, 1.807) 130
('P2', 1750, 1.623) 152
('P2', 2000, 1.844) 172
('P2', 2250, 1.767) 192
('P2', 2500, 1.76) 215
('P2', 2750, 1.718) 238
('P2', 3000, 2.166) 262
('P2', 3250, 1.876) 281
('P2', 3500, 1.847) 303
('P2', 3750, 1.608) 325
('P2', 4000, 1.869) 347
('P2', 4250, 1.741) 369
('P2', 4500, 1.758) 392
('P2', 4750, 1.859) 415
('P2', 5000, 1.557) 438
('P2', 5250, 1.759) 462
('P2', 5500, 1.814) 487
('P2', 5750, 1.461) 512
{
 "arm": "mask",
 "p1": 0,
 "p2": 6000,
 "V": 1264,
 "L": 96,
 "W": 128,
 "params": 522992,
 "p1_s_per_step": 0.0,
 "after_p1": {
  "text_bpb": 8.066
 },
 "p2_s_per_step": 0.0894,
 "p2_s_per_window": 0.00559,
 "after_p2": {
  "text_bpb": 16.3004,
  "text_bpb_evaluated_with_mask": 16.3004,
  "bits_per_code_t2a": 2.4487,
  "bits_per_code_a2t": 2.5502,
  "caption_bits_per_byte_a2t": 0.0502
 },
 "understand_a2t": {
  "train_combos": {
   "kind": 0.812,
   "band": 0.984,
   "timbre": 0.93,
   "count": 0.734,
   "exact": 0.539,
   "n": 128
  },
  "heldout_combos": {
   "kind": 0.75,
   "band": 1.0,
   "timbre": 0.688,
   "count": 0.5,
   "exact": 0.0,
   "n": 16
  }
 },
 "generate_t2a_temp1": {
  "train_combos": {
   "kind": 0.51,
   "band": 0.708,
   "timbre": 0.49,
   "count": 0.427,
   "exact": 0.094,
   "n": 96
  },
  "heldout_combos": {
   "kind": 0.417,
   "band": 0.667,
   "timbre": 0.417,
   "count": 0.417,
   "exact": 0.083,
   "n": 12
  },
  "invalid_id_rate": 0.0367,
  "distinct_codes": 548
 },
 "generate_t2a_temp0.7": {
  "train_combos": {
   "kind": 0.417,
   "band": 0.719,
   "timbre": 0.594,
   "count": 0.375,
   "exact": 0.167,
   "n": 96
  },
  "heldout_combos": {
   "kind": 0.25,
   "band": 0.833,
   "timbre": 0.583,
   "count": 0.5,
   "exact": 0.083,
   "n": 12
  },
  "invalid_id_rate": 0.0067,
  "distinct_codes": 402
 },
 "generate_s": 7.6,
 "curve": [
  [
   "P2",
   0,
   9.421
  ],
  [
   "P2",
   250,
   2.995
  ],
  [
   "P2",
   500,
   2.587
  ],
  [
   "P2",
   750,
   2.215
  ],
  [
   "P2",
   1000,
   2.44
  ],
  [
   "P2",
   1250,
   1.772
  ],
  [
   "P2",
   1500,
   1.807
  ],
  [
   "P2",
   1750,
   1.623
  ],
  [
   "P2",
   2000,
   1.844
  ],
  [
   "P2",
   2250,
   1.767
  ],
  [
   "P2",
   2500,
   1.76
  ],
  [
   "P2",
   2750,
   1.718
  ],
  [
   "P2",
   3000,
   2.166
  ],
  [
   "P2",
   3250,
   1.876
  ],
  [
   "P2",
   3500,
   1.847
  ],
  [
   "P2",
   3750,
   1.608
  ],
  [
   "P2",
   4000,
   1.869
  ],
  [
   "P2",
   4250,
   1.741
  ],
  [
   "P2",
   4500,
   1.758
  ],
  [
   "P2",
   4750,
   1.859
  ],
  [
   "P2",
   5000,
   1.557
  ],
  [
   "P2",
   5250,
   1.759
  ],
  [
   "P2",
   5500,
   1.814
  ],
  [
   "P2",
   5750,
   1.461
  ]
 ],
 "forgetting_text_bpb": 8.2344
}
