/usr/local/lib/python3.11/dist-packages/torch/_subclasses/functional_tensor.py:368: UserWarning: Failed to initialize NumPy: No module named 'numpy' (Triggered internally at /__w/pytorch/pytorch/torch/csrc/utils/tensor_numpy.cpp:84.)
  cpu = _conversion_method_template(device=torch.device("cpu"))
mask after P1 {'text_bpb': 1.9358}
('P2', 0, 10.732) 0
('P2', 250, 2.483) 22
('P2', 500, 1.768) 44
('P2', 750, 1.95) 67
('P2', 1000, 1.369) 89
('P2', 1250, 1.689) 120
('P2', 1500, 1.628) 166
('P2', 1750, 1.519) 210
('P2', 2000, 1.486) 255
('P2', 2250, 1.144) 302
('P2', 2500, 1.226) 349
('P2', 2750, 1.3) 395
{
 "arm": "mask",
 "p1": 1500,
 "p2": 3000,
 "V": 1264,
 "L": 96,
 "W": 128,
 "params": 522992,
 "p1_s_per_step": 0.1367,
 "after_p1": {
  "text_bpb": 1.9358
 },
 "p2_s_per_step": 0.1389,
 "p2_s_per_window": 0.00868,
 "after_p2": {
  "text_bpb": 7.8458,
  "text_bpb_evaluated_with_mask": 7.8458,
  "bits_per_code_t2a": 3.4415,
  "bits_per_code_a2t": 3.597,
  "caption_bits_per_byte_a2t": 0.0934
 },
 "understand_a2t": {
  "train_combos": {
   "kind": 0.578,
   "band": 0.906,
   "timbre": 0.844,
   "count": 0.57,
   "exact": 0.32,
   "n": 128
  },
  "heldout_combos": {
   "kind": 0.375,
   "band": 0.812,
   "timbre": 0.688,
   "count": 0.5,
   "exact": 0.0,
   "n": 16
  }
 },
 "generate_t2a_temp1": {
  "train_combos": {
   "kind": 0.396,
   "band": 0.531,
   "timbre": 0.625,
   "count": 0.281,
   "exact": 0.073,
   "n": 96
  },
  "heldout_combos": {
   "kind": 0.75,
   "band": 0.417,
   "timbre": 0.417,
   "count": 0.417,
   "exact": 0.0,
   "n": 12
  },
  "invalid_id_rate": 0.0415,
  "distinct_codes": 552
 },
 "generate_t2a_temp0.7": {
  "train_combos": {
   "kind": 0.219,
   "band": 0.552,
   "timbre": 0.479,
   "count": 0.302,
   "exact": 0.052,
   "n": 96
  },
  "heldout_combos": {
   "kind": 0.25,
   "band": 0.5,
   "timbre": 0.583,
   "count": 0.5,
   "exact": 0.0,
   "n": 12
  },
  "invalid_id_rate": 0.0194,
  "distinct_codes": 433
 },
 "generate_s": 7.2,
 "curve": [
  [
   "P1",
   0,
   8.061
  ],
  [
   "P1",
   250,
   2.329
  ],
  [
   "P1",
   500,
   2.154
  ],
  [
   "P1",
   750,
   2.025
  ],
  [
   "P1",
   1000,
   1.946
  ],
  [
   "P1",
   1250,
   1.885
  ],
  [
   "P2",
   0,
   10.732
  ],
  [
   "P2",
   250,
   2.483
  ],
  [
   "P2",
   500,
   1.768
  ],
  [
   "P2",
   750,
   1.95
  ],
  [
   "P2",
   1000,
   1.369
  ],
  [
   "P2",
   1250,
   1.689
  ],
  [
   "P2",
   1500,
   1.628
  ],
  [
   "P2",
   1750,
   1.519
  ],
  [
   "P2",
   2000,
   1.486
  ],
  [
   "P2",
   2250,
   1.144
  ],
  [
   "P2",
   2500,
   1.226
  ],
  [
   "P2",
   2750,
   1.3
  ]
 ],
 "forgetting_text_bpb": 5.91
}
