fleet tag              n_live_end full_at births grown r/s asked r/s blackout supp r/s refusedCD r/s dev/slow
H100 k0.s0                3130    None   1864   7/ 14   9/ 14      -    0/    0  22/  0 dev 0.182 slow 1.711 dev/slow 0.1065 acts 0 first []
H100 k0.s1                2563    None   1356   9/ 13  10/ 15      -    0/    0  50/  0 dev 0.204 slow 1.859 dev/slow 0.1096 acts 0 first []
H100 k0.s2                3971    6701   2655  13/  8  15/ 11      -    0/    0  53/  0 dev 0.186 slow 1.779 dev/slow 0.1043 acts 0 first []
H100 k0.s3                3836    None   2418  13/ 11  14/ 12      -    0/    0  37/  0 dev 0.172 slow 1.800 dev/slow 0.0957 acts 0 first []
H100 k0.s4                3077    None   1939  11/ 10  13/ 13      -    0/    0  51/  0 dev 0.242 slow 1.841 dev/slow 0.1315 acts 0 first []
H100 k0_nuis.s0           3478    None   2359   9/ 12  13/ 12      -    0/    0  16/  0 dev 0.206 slow 1.707 dev/slow 0.1207 acts 0 first []
H100 k0_nuis.s1           3749    None   2370   5/ 14   5/ 15      -    0/    0  30/  0 dev 0.127 slow 1.798 dev/slow 0.0707 acts 0 first []
H100 k0_nuis.s2           3568    None   2287  10/ 14  11/ 14      -    0/    0  45/  0 dev 0.201 slow 1.758 dev/slow 0.1144 acts 0 first []
H100 k0_nuis.s3           3572    None   2159  16/ 11  16/ 12      -    0/    0  55/  0 dev 0.191 slow 1.819 dev/slow 0.1050 acts 0 first []
H100 k0_nuis.s4           3596    None   2426  13/ 10  14/ 12      -    0/    0  57/  0 dev 0.234 slow 1.793 dev/slow 0.1304 acts 0 first []
H100 k0_rerun.s0          3130    None   1864   7/ 14   9/ 14      -    0/    0  22/  0 dev 0.182 slow 1.711 dev/slow 0.1065 acts 0 first []
H100 k1000.s0             2905    None   1731   3/  8   3/ 10 6170.0   36/ 1897   8/  0 dev 0.293 slow 2.415 dev/slow 0.1215 acts 16 first [1001, 2001]
H100 k1000.s1             3140    None   1764   1/  7   2/  8 5985.0   37/ 2726  22/  0 dev 0.229 slow 2.321 dev/slow 0.0985 acts 15 first [1001, 2001]
H100 k1000.s2             3886    8401   2508   2/  6   3/  9 6120.0   42/ 2055  28/  0 dev 0.345 slow 2.486 dev/slow 0.1388 acts 16 first [1001, 2001]
H100 k1000.s3             3451    None   2117   3/  8   3/  9 6055.0   50/ 1913  18/  0 dev 0.289 slow 2.436 dev/slow 0.1188 acts 16 first [1001, 2001]
H100 k1000.s4             3071    None   1904   3/  7   3/  8 6190.0   38/ 2234  32/  0 dev 0.215 slow 2.458 dev/slow 0.0874 acts 16 first [1001, 2001]
H100 k1000_cd100.s0       2759    None   1642   3/ 14   3/ 14 1584.0   24/   51  17/  0 dev 0.295 slow 2.418 dev/slow 0.1220 acts 16 first [1001, 2001]
H100 k1000_cd100.s1       3101    None   1543   2/ 14   2/ 14 1485.0   39/  435  22/  0 dev 0.203 slow 2.394 dev/slow 0.0849 acts 15 first [1001, 2001]
H100 k1000_cd100.s2       4096    6901   2710   2/  7   3/ 14 1584.0   34/  276  35/  0 dev 0.276 slow 2.421 dev/slow 0.1141 acts 16 first [1001, 2001]
H100 k1000_cd100.s3       3510    None   2284   3/ 13   3/ 13 1555.0   42/  435  24/  0 dev 0.321 slow 2.407 dev/slow 0.1332 acts 16 first [1001, 2001]
H100 k1000_cd100.s4       2903    None   1686   5/ 12   5/ 12 1584.0   23/  246  44/  0 dev 0.220 slow 2.467 dev/slow 0.0892 acts 16 first [1001, 2001]
H200 k0.s0                3949   13401   2588  10/ 14  11/ 14      -    0/    0  18/  0 dev 0.188 slow 1.708 dev/slow 0.1098 acts 0 first []
H200 k0.s1                3413    None   2056  10/ 13  10/ 14      -    0/    0  42/  0 dev 0.125 slow 1.782 dev/slow 0.0704 acts 0 first []
H200 k0.s2                3853    None   2421  12/ 13  12/ 13      -    0/    0  62/  0 dev 0.198 slow 1.766 dev/slow 0.1122 acts 0 first []
H200 k0_nuis.s0           3415    None   2124   7/ 15   9/ 17      -    0/    0  25/  0 dev 0.204 slow 1.716 dev/slow 0.1189 acts 0 first []
H200 k0_nuis.s1           2469    None   1105   8/ 14   8/ 14      -    0/    0  46/  0 dev 0.174 slow 1.861 dev/slow 0.0936 acts 0 first []
H200 k0_nuis.s2           3831    None   2518  16/ 11  17/ 11      -    0/    0  56/  0 dev 0.204 slow 1.780 dev/slow 0.1145 acts 0 first []
H200 k0_rerun.s0          3949   13401   2588  10/ 14  11/ 14      -    0/    0  18/  0 dev 0.188 slow 1.708 dev/slow 0.1098 acts 0 first []
H200 k1000.s0             3974    None   2729   3/ 10   3/ 10 6170.0   37/ 1943   8/  0 dev 0.280 slow 2.425 dev/slow 0.1153 acts 16 first [1001, 2001]
H200 k1000.s1             3498    None   2078   3/  7   4/  8 5985.0   35/ 2425  20/  0 dev 0.211 slow 2.324 dev/slow 0.0908 acts 15 first [1001, 2001]
H200 k1000.s2             3376    None   1851   2/  9   3/  9 6120.0   46/ 2429  26/  0 dev 0.251 slow 2.479 dev/slow 0.1013 acts 16 first [1001, 2001]
H200 k3000.s0             3643    None   2218   4/ 11   5/ 11 1995.0   69/  431  18/  0 dev 0.321 slow 2.318 dev/slow 0.1383 acts 5 first [3001, 6001]
H200 k3000.s1             3002    None   1683   3/ 10   3/ 10 1995.0   59/  465  33/  0 dev 0.327 slow 2.281 dev/slow 0.1435 acts 5 first [3001, 6001]
H200 k3000.s2             3733    None   2405   3/ 12   4/ 13 1995.0   65/  688  38/  0 dev 0.315 slow 2.291 dev/slow 0.1374 acts 5 first [3001, 6001]

H100 k0           n=5 births 2046.4 grown 10.6/11.2 asked 12.2/13.0 n_live_end 3315 [2563-3971] full 1 supp 0.0/0.0 refCD 42.6/0.0
H100 k0_nuis      n=5 births 2320.2 grown 10.6/12.2 asked 11.8/13.0 n_live_end 3593 [3478-3749] full 0 supp 0.0/0.0 refCD 40.6/0.0
H100 k0_rerun     n=1 births 1864.0 grown 7.0/14.0 asked 9.0/14.0 n_live_end 3130 [3130-3130] full 0 supp 0.0/0.0 refCD 22.0/0.0
H100 k1000        n=5 births 2004.8 grown 2.4/7.2 asked 2.8/8.8 n_live_end 3291 [2905-3886] full 1 supp 40.6/2165.0 refCD 21.6/0.0
H100 k1000_cd100  n=5 births 1973.0 grown 3.0/12.0 asked 3.2/13.4 n_live_end 3274 [2759-4096] full 1 supp 32.4/288.6 refCD 28.4/0.0
H200 k0           n=3 births 2355.0 grown 10.7/13.3 asked 11.0/13.7 n_live_end 3738 [3413-3949] full 1 supp 0.0/0.0 refCD 40.7/0.0
H200 k0_nuis      n=3 births 1915.7 grown 10.3/13.3 asked 11.3/14.0 n_live_end 3238 [2469-3831] full 0 supp 0.0/0.0 refCD 42.3/0.0
H200 k0_rerun     n=1 births 2588.0 grown 10.0/14.0 asked 11.0/14.0 n_live_end 3949 [3949-3949] full 1 supp 0.0/0.0 refCD 18.0/0.0
H200 k1000        n=3 births 2219.3 grown 2.7/8.7 asked 3.3/9.0 n_live_end 3616 [3376-3974] full 0 supp 39.3/2265.7 refCD 18.0/0.0
H200 k3000        n=3 births 2102.0 grown 3.3/11.0 asked 4.0/11.3 n_live_end 3459 [3002-3733] full 0 supp 64.3/528.0 refCD 29.7/0.0
free slots at end over all 34 runs: min 0.0 max 1627.0
H100 free at end (lowest 3, highest 1): [(0.0, 'k1000_cd100.s2'), (125.0, 'k0.s2'), (210.0, 'k1000.s2')] (1533.0, 'k0.s1')
H200 free at end (lowest 3, highest 1): [(122.0, 'k1000.s0'), (147.0, 'k0.s0'), (147.0, 'k0_rerun.s0')] (1627.0, 'k0_nuis.s1')
