== whole-run bpb per seed (check against PASTE_BACK)
  H100 k0           1.95755 2.00810 1.95042 1.94025 1.98479
  H100 k1000        1.95222 1.96898 1.94276 1.94457 1.99606
  H100 k1000_cd100  1.95133 1.98100 1.93988 1.94300 1.99072
  H100 k0_nuis      1.97940 1.92928 1.94087 1.96606 1.98662
  H200 k0           1.95921 1.90482 1.93319
  H200 k1000        1.96456 1.91660 1.93764
  H200 k0_nuis      1.95941 1.92298 1.94066
  H200 k3000        1.98008 1.92804 1.94408
== the rule per phase, arm - ref (lower at t(1-a/4), upper one-sided 95%)
  H100 k1000-k0: p1 -0.0319 [-0.1169,+0.0200] p2 -0.0044 [-0.0364,+0.0151] p3 +0.0162 [+0.0075,+0.0215] p4 -0.0091 [-0.0441,+0.0123] -> PASS
  H100 k1000_cd100-k1000: p1 +0.0002 [-0.0002,+0.0004] p2 +0.0028 [-0.0142,+0.0132] p3 +0.0007 [-0.0049,+0.0041] p4 -0.0026 [-0.0371,+0.0184] -> PASS
  H100 k0_nuis-k0: p1 -0.0058 [-0.2314,+0.1319] p2 -0.0043 [-0.0212,+0.0061] p3 -0.0032 [-0.0148,+0.0038] p4 -0.0179 [-0.0508,+0.0022] -> UNRESOLVED
  H100 k1000-k0_nuis: p1 -0.0261 [-0.1792,+0.0672] p2 -0.0002 [-0.0221,+0.0133] p3 +0.0194 [+0.0133,+0.0231] p4 +0.0088 [-0.0142,+0.0228] -> UNRESOLVED
  H200 k1000-k0: p1 -0.0139 [-0.0247,-0.0088] p2 -0.0014 [-0.0404,+0.0169] p3 +0.0237 [+0.0112,+0.0296] p4 +0.0204 [-0.0268,+0.0426] -> PASS
  H200 k0_nuis-k0: p1 +0.0061 [-0.0769,+0.0451] p2 +0.0029 [-0.0071,+0.0077] p3 +0.0020 [-0.0050,+0.0054] p4 +0.0234 [-0.0727,+0.0686] -> UNRESOLVED
== per (phase, area) cell, arm - ref: mean [Bonferroni-8 lower at a=0.05; one-sided 95% upper]; per seed
  H100 k1000-k0
    p1:eng -0.0421 [-0.1696,+0.0209] sd 0.0661 PASS  per seed +0.0051 -0.1585 -0.0119 -0.0242 -0.0209
    p1:py  -0.0197 [-0.1129,+0.0264] sd 0.0483 PASS  per seed -0.0165 -0.0979 -0.0109 -0.0079 +0.0351
    p2:py  +0.0025 [-0.0244,+0.0157] sd 0.0139 PASS  per seed -0.0114 +0.0145 -0.0127 +0.0165 +0.0055
    p2:num -0.0134 [-0.0752,+0.0172] sd 0.0320 PASS  per seed -0.0173 -0.0062 -0.0521 -0.0265 +0.0352
    p3:py  +0.0087 [-0.0100,+0.0179] sd 0.0097 PASS  per seed -0.0048 +0.0073 +0.0165 +0.0051 +0.0195
    p3:num +0.0229 [+0.0086,+0.0299] sd 0.0074 PASS  per seed +0.0286 +0.0115 +0.0193 +0.0280 +0.0269
    p4:num +0.0914 [+0.0653,+0.1043] sd 0.0135 FAIL  per seed +0.0831 +0.0958 +0.1044 +0.1014 +0.0721
    p4:c   -0.1088 [-0.1965,-0.0654] sd 0.0455 PASS  per seed -0.1095 -0.1795 -0.1139 -0.0579 -0.0832
  H100 k1000_cd100-k1000
    p1:eng +0.0002 [-0.0007,+0.0007] sd 0.0005 PASS  per seed +0.0011 +0.0000 +0.0001 +0.0000 -0.0000
    p1:py  +0.0001 [-0.0004,+0.0003] sd 0.0002 PASS  per seed +0.0002 +0.0002 -0.0002 -0.0001 +0.0003
    p2:py  -0.0005 [-0.0092,+0.0038] sd 0.0045 PASS  per seed +0.0014 +0.0035 -0.0020 +0.0023 -0.0076
    p2:num +0.0062 [-0.0282,+0.0231] sd 0.0178 PASS  per seed +0.0035 +0.0121 +0.0081 +0.0281 -0.0210
    p3:py  +0.0004 [-0.0065,+0.0038] sd 0.0036 PASS  per seed -0.0015 +0.0061 +0.0017 -0.0020 -0.0023
    p3:num +0.0010 [-0.0081,+0.0055] sd 0.0047 PASS  per seed -0.0069 +0.0054 +0.0011 +0.0034 +0.0018
    p4:num +0.0008 [-0.0151,+0.0087] sd 0.0083 PASS  per seed -0.0065 +0.0131 -0.0059 -0.0015 +0.0049
    p4:c   -0.0060 [-0.0793,+0.0301] sd 0.0379 PASS  per seed +0.0017 +0.0556 -0.0259 -0.0427 -0.0188
  H100 k0_nuis-k0
    p1:eng -0.0146 [-0.3086,+0.1306] sd 0.1523 UNRES per seed +0.1092 -0.2629 -0.0134 +0.1112 -0.0172
    p1:py  +0.0034 [-0.2619,+0.1345] sd 0.1375 UNRES per seed +0.1111 -0.2295 +0.0021 +0.0965 +0.0366
    p2:py  -0.0024 [-0.0113,+0.0020] sd 0.0046 PASS  per seed -0.0074 -0.0012 -0.0016 -0.0060 +0.0043
    p2:num -0.0064 [-0.0428,+0.0115] sd 0.0188 PASS  per seed -0.0186 -0.0209 -0.0196 +0.0064 +0.0205
    p3:py  -0.0014 [-0.0149,+0.0052] sd 0.0070 PASS  per seed -0.0105 -0.0047 +0.0061 -0.0032 +0.0051
    p3:num -0.0051 [-0.0217,+0.0032] sd 0.0086 PASS  per seed -0.0130 -0.0149 +0.0055 -0.0008 -0.0021
    p4:num -0.0109 [-0.0384,+0.0027] sd 0.0143 PASS  per seed -0.0112 -0.0025 -0.0284 +0.0078 -0.0203
    p4:c   -0.0248 [-0.1050,+0.0149] sd 0.0416 PASS  per seed +0.0151 -0.0940 -0.0272 -0.0055 -0.0123
  H200 k1000-k0
    p1:eng -0.0104 [-0.0139,-0.0092] sd 0.0007 PASS  per seed -0.0096 -0.0106 -0.0109
    p1:py  -0.0163 [-0.0543,-0.0038] sd 0.0074 PASS  per seed -0.0240 -0.0158 -0.0092
    p2:py  -0.0004 [-0.0456,+0.0145] sd 0.0088 PASS  per seed -0.0004 +0.0084 -0.0092
    p2:num -0.0035 [-0.0903,+0.0251] sd 0.0170 PASS  per seed +0.0130 -0.0027 -0.0209
    p3:py  +0.0175 [-0.0434,+0.0376] sd 0.0119 PASS  per seed +0.0044 +0.0206 +0.0275
    p3:num +0.0293 [-0.0121,+0.0429] sd 0.0081 PASS  per seed +0.0386 +0.0236 +0.0257
    p4:num +0.1033 [-0.0144,+0.1421] sd 0.0230 UNRES per seed +0.0768 +0.1144 +0.1186
    p4:c   -0.0619 [-0.1736,-0.0251] sd 0.0218 PASS  per seed -0.0560 -0.0436 -0.0861
  H200 k3000-k0
    p1:eng +0.0152 [-0.0141,+0.0249] sd 0.0057 PASS  per seed +0.0144 +0.0213 +0.0100
    p1:py  +0.0229 [-0.0157,+0.0356] sd 0.0075 PASS  per seed +0.0242 +0.0147 +0.0296
    p2:py  +0.0109 [-0.0271,+0.0234] sd 0.0074 PASS  per seed +0.0143 +0.0160 +0.0024
    p2:num -0.0092 [-0.0363,-0.0003] sd 0.0053 PASS  per seed -0.0036 -0.0142 -0.0098
    p3:py  +0.0301 [-0.0299,+0.0499] sd 0.0117 PASS  per seed +0.0203 +0.0431 +0.0270
    p3:num +0.0659 [+0.0247,+0.0795] sd 0.0081 UNRES per seed +0.0743 +0.0653 +0.0582
    p4:num +0.1449 [+0.0383,+0.1800] sd 0.0208 UNRES per seed +0.1211 +0.1537 +0.1598
    p4:c   -0.1341 [-0.3850,-0.0514] sd 0.0490 PASS  per seed -0.0980 -0.1143 -0.1899
  H200 k0_nuis-k0
    p1:eng +0.0031 [-0.1175,+0.0428] sd 0.0236 PASS  per seed -0.0241 +0.0170 +0.0164
    p1:py  +0.0091 [-0.1109,+0.0486] sd 0.0235 PASS  per seed -0.0169 +0.0156 +0.0286
    p2:py  -0.0008 [-0.0434,+0.0132] sd 0.0083 PASS  per seed +0.0010 -0.0099 +0.0065
    p2:num +0.0066 [-0.0112,+0.0125] sd 0.0035 PASS  per seed +0.0041 +0.0106 +0.0052
    p3:py  +0.0013 [-0.0018,+0.0023] sd 0.0006 PASS  per seed +0.0011 +0.0020 +0.0008
    p3:num +0.0028 [-0.0155,+0.0088] sd 0.0036 PASS  per seed -0.0012 +0.0056 +0.0040
    p4:num +0.0121 [-0.0470,+0.0315] sd 0.0115 PASS  per seed +0.0017 +0.0245 +0.0100
    p4:c   +0.0347 [-0.1995,+0.1119] sd 0.0458 UNRES per seed +0.0360 +0.0799 -0.0117
== whole run per area, arm - ref [Bonferroni-4 lower; upper]
  H100 k1000-k0: eng -0.0421 [-0.1454,+0.0209] | py -0.0028 [-0.0293,+0.0133] | num +0.0336 [+0.0219,+0.0408] | c -0.1088 [-0.1799,-0.0654]
  H200 k1000-k0: eng -0.0104 [-0.0129,-0.0092] | py +0.0003 [-0.0214,+0.0105] | num +0.0430 [+0.0359,+0.0464] | c -0.0619 [-0.1401,-0.0251]
  H200 k3000-k0: eng +0.0152 [-0.0053,+0.0249] | py +0.0213 [+0.0110,+0.0261] | num +0.0672 [+0.0568,+0.0721] | c -0.1341 [-0.3098,-0.0514]
  H100 k0_nuis-k0: eng -0.0146 [-0.2527,+0.1306] | py -0.0001 [-0.0710,+0.0430] | num -0.0075 [-0.0212,+0.0009] | c -0.0248 [-0.0898,+0.0149]
== late windows of the stream, arm - ref (whole-stream bpb over flushes starting in the window)
  last 10% H100 k1000-k0: all +0.0660 [+0.0387,+0.0932] sd 0.0286 per seed +0.0592 +0.0273 +0.0939 +0.0947 +0.0547 | num +0.1143 [+0.0983,+0.1303] per seed +0.0967 +0.1047 +0.1307 +0.1339 +0.1055
  last 10% H200 k1000-k0: all +0.0920 [+0.0302,+0.1537] sd 0.0366 per seed +0.0645 +0.0778 +0.1336 | num +0.1192 [+0.0620,+0.1763] per seed +0.0926 +0.1075 +0.1574
  last 10% H100 k1000_cd100-k1000: all -0.0009 [-0.0344,+0.0326] sd 0.0351 per seed +0.0032 +0.0519 -0.0355 -0.0305 +0.0065 | num +0.0036 [-0.0083,+0.0155] per seed -0.0006 +0.0234 -0.0088 -0.0034 +0.0073
  last 10% H100 k0_nuis-k0: all -0.0171 [-0.0434,+0.0092] sd 0.0276 per seed +0.0036 -0.0355 -0.0318 +0.0206 -0.0423 | num -0.0143 [-0.0369,+0.0083] per seed -0.0173 +0.0046 -0.0306 +0.0142 -0.0426
  last 10% H200 k0_nuis-k0: all +0.0305 [-0.0339,+0.0949] sd 0.0382 per seed +0.0033 +0.0742 +0.0140 | num +0.0151 [-0.0197,+0.0499] per seed -0.0045 +0.0367 +0.0132
  last 5% H100 k1000-k0: all +0.0660 [+0.0198,+0.1123] sd 0.0485 per seed +0.0604 +0.0098 +0.1315 +0.0952 +0.0333 | num +0.1088 [+0.0874,+0.1303] per seed +0.0968 +0.1006 +0.1365 +0.1277 +0.0825
  last 5% H200 k1000-k0: all +0.0969 [+0.0276,+0.1663] sd 0.0411 per seed +0.0715 +0.0750 +0.1444 | num +0.1195 [+0.0704,+0.1687] per seed +0.0994 +0.1062 +0.1530
  last 5% H100 k1000_cd100-k1000: all +0.0006 [-0.0355,+0.0367] sd 0.0379 per seed +0.0031 +0.0564 -0.0441 -0.0224 +0.0099 | num +0.0039 [-0.0099,+0.0177] per seed +0.0014 +0.0250 -0.0157 +0.0031 +0.0058
  last 5% H100 k0_nuis-k0: all -0.0225 [-0.0565,+0.0114] sd 0.0357 per seed +0.0007 -0.0532 -0.0142 +0.0190 -0.0650 | num -0.0208 [-0.0473,+0.0057] per seed -0.0199 -0.0025 -0.0271 +0.0089 -0.0636
  last 5% H200 k0_nuis-k0: all +0.0309 [-0.0200,+0.0818] sd 0.0302 per seed +0.0131 +0.0658 +0.0138 | num +0.0130 [-0.0108,+0.0369] per seed -0.0025 +0.0252 +0.0164
== num in p4 by quarter of p4, k1000 - k0 (and k0_nuis - k0), per seed
  H100 k1000-k0 num p4: Q1 +0.0509 (min +0.0325)  Q2 +0.0831 (min +0.0579)  Q3 +0.1146 (min +0.0936)  Q4 +0.1168 (min +0.0973)
  H100 k0_nuis-k0 num p4: Q1 -0.0105 (min -0.0318)  Q2 -0.0062 (min -0.0306)  Q3 -0.0091 (min -0.0335)  Q4 -0.0182 (min -0.0576)
  H200 k1000-k0 num p4: Q1 +0.0692 (min +0.0491)  Q2 +0.1016 (min +0.0816)  Q3 +0.1146 (min +0.0795)  Q4 +0.1257 (min +0.0983)
  H200 k0_nuis-k0 num p4: Q1 +0.0122 (min +0.0112)  Q2 +0.0089 (min +0.0038)  Q3 +0.0140 (min -0.0058)  Q4 +0.0127 (min -0.0032)
