/usr/local/lib/python3.11/dist-packages/torch/_subclasses/functional_tensor.py:368: UserWarning: Failed to initialize NumPy: No module named 'numpy' (Triggered internally at /__w/pytorch/pytorch/torch/csrc/utils/tensor_numpy.cpp:84.)
  cpu = _conversion_method_template(device=torch.device("cpu"))
P1codec 0 (4.7906, 4.3799, 4.0)
P1codec 200 (2.3523, 2.2492, 20.69)
P1codec 400 (2.0886, 1.9901, 29.25)
after_P1 {"text_bpb": 2.4001, "eval_s": 0.1}
P2 0 {'lm': 7.0088, 'rec': 1.4369, 'gmm_nats_per_dim': 1.2275, 'pos_per_s': 14.5} 0
P2 100 {'lm': 2.8393, 'rec': 1.4422, 'gmm_nats_per_dim': 0.4578, 'pos_per_s': 23.0} 13
P2 200 {'lm': 2.7858, 'rec': 1.4842, 'gmm_nats_per_dim': 0.4789, 'pos_per_s': 20.5} 31
P2 300 {'lm': 2.9445, 'rec': 1.947, 'gmm_nats_per_dim': 0.8049, 'pos_per_s': 19.58} 46
P2 400 {'lm': 1.9573, 'rec': 1.4178, 'gmm_nats_per_dim': 0.2495, 'pos_per_s': 26.17} 64
P2 500 {'lm': 1.6161, 'rec': 1.7912, 'gmm_nats_per_dim': 0.0105, 'pos_per_s': 23.67} 82
P2 600 {'lm': 1.5705, 'rec': 1.6781, 'gmm_nats_per_dim': 0.0936, 'pos_per_s': 28.58} 102
P2 700 {'lm': 2.3605, 'rec': 1.5835, 'gmm_nats_per_dim': 0.3802, 'pos_per_s': 17.33} 119
after_P2 {"text_bpb": 2.2966, "A": {"recon": {"mel": 0.4947, "logmag_l1": 0.6828, "probe_on_recon": {"kind": 0.6528, "band": 0.8889, "timbre": 0.4583, "count": 0.6528, "exact": 0.2222, "n": 72}}, "bits": {"a2t_caption_bits_per_byte": 0.4639, "t2a_stop_bits_per_pos": 0.0458, "t2a_dur_bits_per_pos": 0.9756, "t2a_gmm_nats_per_pos_DIFFERENTIAL": 0.8916, "pos_per_s": 28.153, "tf_pred_mel": 0.7671, "tf_pred_probe_exact": 0.125}, "understand": {"train": {"kind": 0.0469, "band": 0.0156, "timbre": 0.0156, "count": 0.0, "exact": 0.0, "n": 64}, "heldout": {"kind": 0.0, "band": 0.0, "timbre": 0.0, "count": 0.0, "exact": 0.0, "n": 8}}, "gen_t1": {"train": {"kind": 0.3438, "band": 0.3906, "timbre": 0.5156, "count": 0.375, "exact": 0.0469, "n": 64}, "heldout": {"kind": 0.625, "band": 0.5, "timbre": 0.5, "count": 0.5, "exact": 0.125, "n": 8}, "mean_positions_per_clip": 26.93, "mean_frames_50fps": 50.6}, "gen_t07": {"train": {"kind": 0.4219, "band": 0.3281, "timbre": 0.5625, "count": 0.2812, "exact": 0.0156, "n": 64}, "heldout": {"kind": 0.375, "band": 0.375, "timbre": 0.625, "count": 0.5, "exact": 0.125, "n": 8}, "mean_positions_per_clip": 50.11, "mean_frames_50fps": 70.22}, "gen_t0": {"train": {"kind": 0.0, "band": 0.3438, "timbre": 0.5, "count": 0.0625, "exact": 0.0, "n": 64}, "heldout": {"kind": 0.0, "band": 0.25, "timbre": 0.5, "count": 0.0, "exact": 0.0, "n": 8}, "mean_positions_per_clip": 100.0, "mean_frames_50fps": 100.0}}, "eval_s": 18.6}
P3 0 {'lm': 3.5541, 'rec': 2.3057, 'gmm_nats_per_dim': 0.6979, 'pos_per_s': 16.75} 0
P3 100 {'lm': 1.7766, 'rec': 1.7043, 'gmm_nats_per_dim': 0.2116, 'pos_per_s': 26.83} 13
P3 200 {'lm': 1.4927, 'rec': 1.3559, 'gmm_nats_per_dim': -0.0624, 'pos_per_s': 25.33} 25
P3 300 {'lm': 1.6503, 'rec': 1.5919, 'gmm_nats_per_dim': 0.0189, 'pos_per_s': 19.67} 37
P3 400 {'lm': 1.2742, 'rec': 1.4983, 'gmm_nats_per_dim': -0.2301, 'pos_per_s': 23.67} 56
P3 500 {'lm': 1.3739, 'rec': 1.2744, 'gmm_nats_per_dim': -0.0653, 'pos_per_s': 20.83} 76
P3 600 {'lm': 1.2609, 'rec': 1.3309, 'gmm_nats_per_dim': -0.1979, 'pos_per_s': 23.58} 95
P3 700 {'lm': 1.1189, 'rec': 1.2105, 'gmm_nats_per_dim': -0.4089, 'pos_per_s': 22.5} 108
after_P3 {"text_bpb": 2.1745, "A": {"recon": {"mel": 0.4478, "logmag_l1": 0.6782, "probe_on_recon": {"kind": 0.7361, "band": 0.9444, "timbre": 0.4583, "count": 0.8611, "exact": 0.3333, "n": 72}}, "bits": {"a2t_caption_bits_per_byte": 0.3645, "t2a_stop_bits_per_pos": 0.0117, "t2a_dur_bits_per_pos": 1.1837, "t2a_gmm_nats_per_pos_DIFFERENTIAL": -3.1938, "pos_per_s": 27.0, "tf_pred_mel": 0.7279, "tf_pred_probe_exact": 0.2917}, "understand": {"train": {"kind": 0.0, "band": 0.0, "timbre": 0.0, "count": 0.0, "exact": 0.0, "n": 64}, "heldout": {"kind": 0.0, "band": 0.0, "timbre": 0.0, "count": 0.0, "exact": 0.0, "n": 8}}, "gen_t1": {"train": {"kind": 0.3594, "band": 0.3906, "timbre": 0.5469, "count": 0.2031, "exact": 0.0312, "n": 64}, "heldout": {"kind": 0.5, "band": 0.375, "timbre": 0.5, "count": 0.25, "exact": 0.0, "n": 8}, "mean_positions_per_clip": 38.32, "mean_frames_50fps": 66.5}, "gen_t07": {"train": {"kind": 0.3906, "band": 0.3281, "timbre": 0.4844, "count": 0.1875, "exact": 0.0, "n": 64}, "heldout": {"kind": 0.5, "band": 0.375, "timbre": 0.625, "count": 0.25, "exact": 0.0, "n": 8}, "mean_positions_per_clip": 76.93, "mean_frames_50fps": 93.94}, "gen_t0": {"train": {"kind": 0.1875, "band": 0.3438, "timbre": 0.5, "count": 0.5, "exact": 0.0312, "n": 64}, "heldout": {"kind": 0.0, "band": 0.25, "timbre": 0.5, "count": 0.5, "exact": 0.0, "n": 8}, "mean_positions_per_clip": 99.33, "mean_frames_50fps": 100.0}}, "B": {"recon": {"mel": 0.2782, "logmag_l1": 0.5052, "probe_on_recon": {"timbre": 1.0, "note": 1.0, "exact": 1.0, "n": 64}}, "bits": {"a2t_caption_bits_per_byte": 0.642, "t2a_stop_bits_per_pos": 0.018, "t2a_dur_bits_per_pos": 1.0524, "t2a_gmm_nats_per_pos_DIFFERENTIAL": -4.186, "pos_per_s": 20.453, "tf_pred_mel": 0.4835, "tf_pred_probe_exact": 0.6562}, "understand": {"train": {"timbre": 1.0, "note": 0.168, "exact": 0.0, "n": 64}}, "gen_t1": {"train": {"timbre": 0.5625, "note": 0.1823, "exact": 0.0, "n": 48}, "mean_positions_per_clip": 26.0, "mean_frames_50fps": 57.88}, "gen_t07": {"train": {"timbre": 0.625, "note": 0.1667, "exact": 0.0, "n": 48}, "mean_positions_per_clip": 53.62, "mean_frames_50fps": 85.77}, "gen_t0": {"train": {"timbre": 0.6667, "note": 0.1771, "exact": 0.0, "n": 48}, "mean_positions_per_clip": 89.62, "mean_frames_50fps": 100.0}}, "eval_s": 34.2}
DONE res/d2_s0.json {'p1_text_s_per_step': 0.0706, 'p1_codec_s_per_step': 0.0845, 'p1_codec_steps': 500, 'p1_codec_s': 42.3, 'p2_s_per_step': 0.1647, 'p3_s_per_step': 0.1514, 'total_s': 378.9}
