/usr/local/lib/python3.11/dist-packages/torch/_subclasses/functional_tensor.py:368: UserWarning: Failed to initialize NumPy: No module named 'numpy' (Triggered internally at /__w/pytorch/pytorch/torch/csrc/utils/tensor_numpy.cpp:84.)
  cpu = _conversion_method_template(device=torch.device("cpu"))
P1codec 0 (4.757, 4.339, 4.0)
P1codec 200 (2.5316, 2.4256, 20.0)
P1codec 400 (2.1839, 2.0733, 16.19)
after_P1 {"text_bpb": 2.5081, "eval_s": 0.1}
P2 0 {'lm': 6.5918, 'rec': 1.7577, 'gmm_nats_per_dim': 1.3248, 'pos_per_s': 30.5} 0
P2 100 {'lm': 2.165, 'rec': 1.6407, 'gmm_nats_per_dim': 0.2343, 'pos_per_s': 27.08} 13
P2 200 {'lm': 2.7484, 'rec': 1.7424, 'gmm_nats_per_dim': 0.9282, 'pos_per_s': 33.75} 30
P2 300 {'lm': 3.2942, 'rec': 1.7373, 'gmm_nats_per_dim': 0.741, 'pos_per_s': 12.83} 46
P2 400 {'lm': 1.8731, 'rec': 1.5574, 'gmm_nats_per_dim': 0.2131, 'pos_per_s': 24.67} 61
P2 500 {'lm': 1.6034, 'rec': 1.5763, 'gmm_nats_per_dim': 0.2934, 'pos_per_s': 29.08} 80
P2 600 {'lm': 1.9837, 'rec': 1.4566, 'gmm_nats_per_dim': 0.4484, 'pos_per_s': 23.83} 99
P2 700 {'lm': 2.4665, 'rec': 1.5925, 'gmm_nats_per_dim': 0.3885, 'pos_per_s': 14.25} 117
after_P2 {"text_bpb": 2.3612, "A": {"recon": {"mel": 0.5143, "logmag_l1": 0.6674, "probe_on_recon": {"kind": 0.6944, "band": 0.9722, "timbre": 0.5, "count": 0.75, "exact": 0.3194, "n": 72}}, "bits": {"a2t_caption_bits_per_byte": 0.447, "t2a_stop_bits_per_pos": 0.0618, "t2a_dur_bits_per_pos": 1.1511, "t2a_gmm_nats_per_pos_DIFFERENTIAL": 1.5, "pos_per_s": 25.319, "tf_pred_mel": 0.774, "tf_pred_probe_exact": 0.1944}, "understand": {"train": {"kind": 0.0, "band": 0.0, "timbre": 0.0, "count": 0.0, "exact": 0.0, "n": 64}, "heldout": {"kind": 0.0, "band": 0.0, "timbre": 0.0, "count": 0.0, "exact": 0.0, "n": 8}}, "gen_t1": {"train": {"kind": 0.2969, "band": 0.25, "timbre": 0.4844, "count": 0.3125, "exact": 0.0, "n": 64}, "heldout": {"kind": 0.125, "band": 0.125, "timbre": 0.625, "count": 0.375, "exact": 0.0, "n": 8}, "mean_positions_per_clip": 21.46, "mean_frames_50fps": 43.12}, "gen_t07": {"train": {"kind": 0.4531, "band": 0.2969, "timbre": 0.4375, "count": 0.3438, "exact": 0.0312, "n": 64}, "heldout": {"kind": 0.5, "band": 0.5, "timbre": 0.5, "count": 0.375, "exact": 0.125, "n": 8}, "mean_positions_per_clip": 55.36, "mean_frames_50fps": 73.99}, "gen_t0": {"train": {"kind": 0.1875, "band": 0.3125, "timbre": 0.3438, "count": 0.5, "exact": 0.0312, "n": 64}, "heldout": {"kind": 0.0, "band": 0.5, "timbre": 0.5, "count": 0.5, "exact": 0.0, "n": 8}, "mean_positions_per_clip": 99.0, "mean_frames_50fps": 100.0}}, "eval_s": 18.4}
P3 0 {'lm': 2.6428, 'rec': 2.2038, 'gmm_nats_per_dim': 0.3136, 'pos_per_s': 20.17} 0
P3 100 {'lm': 1.7699, 'rec': 1.4349, 'gmm_nats_per_dim': 0.1329, 'pos_per_s': 19.83} 13
P3 200 {'lm': 1.5265, 'rec': 1.5009, 'gmm_nats_per_dim': 0.1135, 'pos_per_s': 21.5} 25
P3 300 {'lm': 1.3032, 'rec': 1.1448, 'gmm_nats_per_dim': -0.0429, 'pos_per_s': 20.17} 38
P3 400 {'lm': 1.5726, 'rec': 1.4752, 'gmm_nats_per_dim': -0.0669, 'pos_per_s': 19.42} 56
P3 500 {'lm': 1.0211, 'rec': 1.1865, 'gmm_nats_per_dim': -0.2783, 'pos_per_s': 26.58} 76
P3 600 {'lm': 1.3958, 'rec': 1.0994, 'gmm_nats_per_dim': -0.1325, 'pos_per_s': 17.92} 95
P3 700 {'lm': 0.8022, 'rec': 1.0115, 'gmm_nats_per_dim': -0.4588, 'pos_per_s': 24.25} 109
after_P3 {"text_bpb": 2.1806, "A": {"recon": {"mel": 0.4606, "logmag_l1": 0.6734, "probe_on_recon": {"kind": 0.6806, "band": 0.9583, "timbre": 0.5, "count": 0.7917, "exact": 0.3611, "n": 72}}, "bits": {"a2t_caption_bits_per_byte": 0.3535, "t2a_stop_bits_per_pos": 0.0308, "t2a_dur_bits_per_pos": 0.9802, "t2a_gmm_nats_per_pos_DIFFERENTIAL": -2.4113, "pos_per_s": 27.681, "tf_pred_mel": 0.736, "tf_pred_probe_exact": 0.2361}, "understand": {"train": {"kind": 0.1875, "band": 0.3281, "timbre": 0.5156, "count": 0.4844, "exact": 0.0312, "n": 64}, "heldout": {"kind": 0.0, "band": 0.25, "timbre": 0.5, "count": 0.5, "exact": 0.0, "n": 8}}, "gen_t1": {"train": {"kind": 0.375, "band": 0.3438, "timbre": 0.5469, "count": 0.375, "exact": 0.0469, "n": 64}, "heldout": {"kind": 0.25, "band": 0.125, "timbre": 0.5, "count": 0.25, "exact": 0.0, "n": 8}, "mean_positions_per_clip": 25.71, "mean_frames_50fps": 41.99}, "gen_t07": {"train": {"kind": 0.4062, "band": 0.3906, "timbre": 0.4375, "count": 0.4219, "exact": 0.0781, "n": 64}, "heldout": {"kind": 0.25, "band": 0.375, "timbre": 0.5, "count": 0.125, "exact": 0.0, "n": 8}, "mean_positions_per_clip": 43.24, "mean_frames_50fps": 54.01}, "gen_t0": {"train": {"kind": 0.3125, "band": 0.3125, "timbre": 0.5, "count": 0.5, "exact": 0.0312, "n": 64}, "heldout": {"kind": 0.25, "band": 0.5, "timbre": 0.5, "count": 0.5, "exact": 0.25, "n": 8}, "mean_positions_per_clip": 99.0, "mean_frames_50fps": 100.0}}, "B": {"recon": {"mel": 0.2525, "logmag_l1": 0.4722, "probe_on_recon": {"timbre": 1.0, "note": 1.0, "exact": 1.0, "n": 64}}, "bits": {"a2t_caption_bits_per_byte": 0.644, "t2a_stop_bits_per_pos": 0.0122, "t2a_dur_bits_per_pos": 0.7644, "t2a_gmm_nats_per_pos_DIFFERENTIAL": -3.911, "pos_per_s": 21.75, "tf_pred_mel": 0.3771, "tf_pred_probe_exact": 0.8594}, "understand": {"train": {"timbre": 1.0, "note": 0.1758, "exact": 0.0, "n": 64}}, "gen_t1": {"train": {"timbre": 0.5208, "note": 0.1875, "exact": 0.0, "n": 48}, "mean_positions_per_clip": 27.44, "mean_frames_50fps": 59.6}, "gen_t07": {"train": {"timbre": 0.5208, "note": 0.1719, "exact": 0.0, "n": 48}, "mean_positions_per_clip": 47.06, "mean_frames_50fps": 79.23}, "gen_t0": {"train": {"timbre": 0.6875, "note": 0.1719, "exact": 0.0, "n": 48}, "mean_positions_per_clip": 92.08, "mean_frames_50fps": 100.17}}, "eval_s": 30.9}
DONE res/d2_s1.json {'p1_text_s_per_step': 0.0682, 'p1_codec_s_per_step': 0.0851, 'p1_codec_steps': 500, 'p1_codec_s': 42.5, 'p2_s_per_step': 0.1621, 'p3_s_per_step': 0.1521, 'total_s': 373.5}
