/usr/local/lib/python3.11/dist-packages/torch/_subclasses/functional_tensor.py:368: UserWarning: Failed to initialize NumPy: No module named 'numpy' (Triggered internally at /__w/pytorch/pytorch/torch/csrc/utils/tensor_numpy.cpp:84.)
  cpu = _conversion_method_template(device=torch.device("cpu"))
(11, 200, 1.692, 109)
(21, 400, 1.319, 107)
(31, 600, 1.177, 114)
(41, 800, 1.313, 106)
(52, 1000, 1.511, 95)
(62, 1200, 1.389, 125)
(73, 1400, 1.198, 115)
(85, 1600, 0.899, 116)
(97, 1800, 0.988, 129)
(110, 2000, 1.006, 119)
(122, 2200, 1.138, 127)
(137, 2400, 0.846, 117)
(151, 2600, 1.104, 137)
(165, 2800, 1.081, 115)
(178, 3000, 0.921, 122)
(191, 3200, 1.358, 131)
(203, 3400, 1.134, 119)
(216, 3600, 0.733, 108)
(228, 3800, 1.285, 135)
(240, 4000, 0.719, 123)
{
 "params": 1199621,
 "steps": 4161,
 "train_s": 260,
 "frames_per_s": 25,
 "logmag_l1_heldout": 0.6395,
 "mel_heldout": 0.5252,
 "mel_griffinlim_oracle": 0.1845,
 "mel_silence": 1.7057,
 "rms_true": 0.2707,
 "rms_recon": 0.1468,
 "codes_used": 559,
 "code_entropy_bits": 7.604,
 "perplexity": 194.6,
 "encode_rtf": 0.00079,
 "decode_rtf_gl32": 0.0306,
 "probe_acc": {
  "true": {
   "kind": 1.0,
   "band": 1.0,
   "timbre": 1.0,
   "count": 1.0,
   "exact": 1.0
  },
  "griffinlim_oracle": {
   "kind": 1.0,
   "band": 1.0,
   "timbre": 1.0,
   "count": 1.0,
   "exact": 1.0
  },
  "codec_recon": {
   "kind": 0.764,
   "band": 0.889,
   "timbre": 0.597,
   "count": 0.75,
   "exact": 0.444
  }
 },
 "log": [
  [
   203,
   3400,
   1.134,
   119
  ],
  [
   216,
   3600,
   0.733,
   108
  ],
  [
   228,
   3800,
   1.285,
   135
  ],
  [
   240,
   4000,
   0.719,
   123
  ]
 ]
}
